Component: ARM Compiler 5.06 update 2 (build 183) Tool: armlink [4d35b7]

==============================================================================

Section Cross References

    adc.o(i.Adc_Config) refers to stm32f10x_rcc.o(i.RCC_APB2PeriphClockCmd) for RCC_APB2PeriphClockCmd
    adc.o(i.Adc_Config) refers to stm32f10x_rcc.o(i.RCC_ADCCLKConfig) for RCC_ADCCLKConfig
    adc.o(i.Adc_Config) refers to stm32f10x_gpio.o(i.GPIO_Init) for GPIO_Init
    adc.o(i.Adc_Config) refers to stm32f10x_adc.o(i.ADC_DeInit) for ADC_DeInit
    adc.o(i.Adc_Config) refers to stm32f10x_adc.o(i.ADC_Init) for ADC_Init
    adc.o(i.Adc_Config) refers to stm32f10x_adc.o(i.ADC_Cmd) for ADC_Cmd
    adc.o(i.Adc_Config) refers to stm32f10x_adc.o(i.ADC_ResetCalibration) for ADC_ResetCalibration
    adc.o(i.Adc_Config) refers to stm32f10x_adc.o(i.ADC_GetResetCalibrationStatus) for ADC_GetResetCalibrationStatus
    adc.o(i.Adc_Config) refers to stm32f10x_adc.o(i.ADC_StartCalibration) for ADC_StartCalibration
    adc.o(i.Adc_Config) refers to stm32f10x_adc.o(i.ADC_GetCalibrationStatus) for ADC_GetCalibrationStatus
    adc.o(i.Get_Adc) refers to stm32f10x_adc.o(i.ADC_RegularChannelConfig) for ADC_RegularChannelConfig
    adc.o(i.Get_Adc) refers to stm32f10x_adc.o(i.ADC_SoftwareStartConvCmd) for ADC_SoftwareStartConvCmd
    adc.o(i.Get_Adc) refers to stm32f10x_adc.o(i.ADC_GetFlagStatus) for ADC_GetFlagStatus
    adc.o(i.Get_Adc) refers to stm32f10x_adc.o(i.ADC_GetConversionValue) for ADC_GetConversionValue
    can.o(i.CAN1_SCE_IRQHandler) refers to stm32f10x_can.o(i.CAN_ClearITPendingBit) for CAN_ClearITPendingBit
    can.o(i.CAN1_SCE_IRQHandler) refers to can.o(.data) for g_CAN_TX_FLAG
    can.o(i.CAN_Config) refers to stm32f10x_rcc.o(i.RCC_APB2PeriphClockCmd) for RCC_APB2PeriphClockCmd
    can.o(i.CAN_Config) refers to stm32f10x_rcc.o(i.RCC_APB1PeriphClockCmd) for RCC_APB1PeriphClockCmd
    can.o(i.CAN_Config) refers to stm32f10x_gpio.o(i.GPIO_Init) for GPIO_Init
    can.o(i.CAN_Config) refers to stm32f10x_can.o(i.CAN_Init) for CAN_Init
    can.o(i.CAN_Config) refers to stm32f10x_can.o(i.CAN_FilterInit) for CAN_FilterInit
    can.o(i.CAN_Config) refers to stm32f10x_can.o(i.CAN_ITConfig) for CAN_ITConfig
    can.o(i.CAN_Config) refers to misc.o(i.NVIC_Init) for NVIC_Init
    can.o(i.CAN_Config) refers to can.o(.data) for g_SelfCanId
    can.o(i.Send_CanMessage) refers to stm32f10x_can.o(i.CAN_Transmit) for CAN_Transmit
    can.o(i.Send_CanMessage) refers to stm32f10x_can.o(i.CAN_TransmitStatus) for CAN_TransmitStatus
    can.o(i.Send_CanMessage) refers to can.o(.data) for g_SelfCanId
    can.o(i.USB_LP_CAN1_RX0_IRQHandler) refers to stm32f10x_can.o(i.CAN_ClearITPendingBit) for CAN_ClearITPendingBit
    can.o(i.USB_LP_CAN1_RX0_IRQHandler) refers to stm32f10x_can.o(i.CAN_Receive) for CAN_Receive
    can.o(i.USB_LP_CAN1_RX0_IRQHandler) refers to can.o(.bss) for g_RxMessage
    can.o(i.USB_LP_CAN1_RX0_IRQHandler) refers to can.o(.data) for g_CAN_RX_FLAG
    gpio.o(i.GPIO_Config) refers to stm32f10x_rcc.o(i.RCC_APB2PeriphClockCmd) for RCC_APB2PeriphClockCmd
    gpio.o(i.GPIO_Config) refers to stm32f10x_gpio.o(i.GPIO_Init) for GPIO_Init
    gpio.o(i.GPIO_Config) refers to stm32f10x_gpio.o(i.GPIO_SetBits) for GPIO_SetBits
    gpio.o(i.Led_Ctrl) refers to stm32f10x_gpio.o(i.GPIO_ResetBits) for GPIO_ResetBits
    gpio.o(i.Led_Ctrl) refers to rcc.o(i.Delay_Ms) for Delay_Ms
    gpio.o(i.Led_Ctrl) refers to stm32f10x_gpio.o(i.GPIO_SetBits) for GPIO_SetBits
    gpio.o(i.Read_Sensorstatus) refers to stm32f10x_gpio.o(i.GPIO_ReadInputDataBit) for GPIO_ReadInputDataBit
    gpio.o(i.Read_Sensorstatus) refers to gpio.o(.data) for Sensor1_flag
    hal.o(i.Hal_Init) refers to rcc.o(i.RCC_Config) for RCC_Config
    hal.o(i.Hal_Init) refers to misc.o(i.NVIC_PriorityGroupConfig) for NVIC_PriorityGroupConfig
    hal.o(i.Hal_Init) refers to can.o(i.CAN_Config) for CAN_Config
    hal.o(i.Hal_Init) refers to usart.o(i.USART_Config) for USART_Config
    hal.o(i.Hal_Init) refers to tim.o(i.TIM2_Config) for TIM2_Config
    hal.o(i.Hal_Init) refers to gpio.o(i.GPIO_Config) for GPIO_Config
    hal.o(i.Hal_Init) refers to ads8698.o(i.ADS8698_Init) for ADS8698_Init
    iic.o(i.IIC_Ack) refers to stm32f10x_gpio.o(i.GPIO_ResetBits) for GPIO_ResetBits
    iic.o(i.IIC_Ack) refers to iic.o(i.SDA_OUT) for SDA_OUT
    iic.o(i.IIC_Ack) refers to rcc.o(i.Delay_Us) for Delay_Us
    iic.o(i.IIC_Ack) refers to stm32f10x_gpio.o(i.GPIO_SetBits) for GPIO_SetBits
    iic.o(i.IIC_Config) refers to stm32f10x_rcc.o(i.RCC_APB2PeriphClockCmd) for RCC_APB2PeriphClockCmd
    iic.o(i.IIC_Config) refers to stm32f10x_gpio.o(i.GPIO_Init) for GPIO_Init
    iic.o(i.IIC_Config) refers to stm32f10x_gpio.o(i.GPIO_SetBits) for GPIO_SetBits
    iic.o(i.IIC_NAck) refers to stm32f10x_gpio.o(i.GPIO_ResetBits) for GPIO_ResetBits
    iic.o(i.IIC_NAck) refers to iic.o(i.SDA_OUT) for SDA_OUT
    iic.o(i.IIC_NAck) refers to stm32f10x_gpio.o(i.GPIO_SetBits) for GPIO_SetBits
[...]
    ../clib/stdio.c                          0x00000000   Number         0  streamlock.o ABSOLUTE
    ../clib/stdio.c                          0x00000000   Number         0  setvbuf.o ABSOLUTE
    ../clib/stdio.c                          0x00000000   Number         0  flsbuf.o ABSOLUTE
    ../clib/stdio.c                          0x00000000   Number         0  fflush_locked.o ABSOLUTE
    ../clib/stdio.c                          0x00000000   Number         0  fputc.o ABSOLUTE
    ../clib/stdio.c                          0x00000000   Number         0  initio.o ABSOLUTE
    ../clib/stdio.c                          0x00000000   Number         0  fputc_locked.o ABSOLUTE
    ../clib/stdio.c                          0x00000000   Number         0  ftell.o ABSOLUTE
    ../clib/stdio.c                          0x00000000   Number         0  fputs.o ABSOLUTE
    ../clib/stdio.c                          0x00000000   Number         0  fflush.o ABSOLUTE
    ../clib/stdio.c                          0x00000000   Number         0  fwritefast_locked.o ABSOLUTE
    ../clib/stdio.c                          0x00000000   Number         0  fputs_locked.o ABSOLUTE
    ../clib/stdio.c                          0x00000000   Number         0  ferror_locked.o ABSOLUTE
    ../clib/stdio.c                          0x00000000   Number         0  stdio_streams.o ABSOLUTE
    ../clib/stdlib.c                         0x00000000   Number         0  exit.o ABSOLUTE
    ../clib/string.c                         0x00000000   Number         0  strlen.o ABSOLUTE
    ../clib/wchar.c                          0x00000000   Number         0  flsbuf_fwide.o ABSOLUTE
    ../fplib/fpinit.s                        0x00000000   Number         0  fpinit.o ABSOLUTE
    BSP\\adc.c                               0x00000000   Number         0  adc.o ABSOLUTE
    BSP\\can.c                               0x00000000   Number         0  can.o ABSOLUTE
    BSP\\gpio.c                              0x00000000   Number         0  gpio.o ABSOLUTE
    BSP\\hal.c                               0x00000000   Number         0  hal.o ABSOLUTE
    BSP\\iic.c                               0x00000000   Number         0  iic.o ABSOLUTE
    BSP\\iwdg.c                              0x00000000   Number         0  iwdg.o ABSOLUTE
    BSP\\rcc.c                               0x00000000   Number         0  rcc.o ABSOLUTE
    BSP\\rtc.c                               0x00000000   Number         0  rtc.o ABSOLUTE
    BSP\\spi.c                               0x00000000   Number         0  spi.o ABSOLUTE
    BSP\\tim.c                               0x00000000   Number         0  tim.o ABSOLUTE
    BSP\\usart.c                             0x00000000   Number         0  usart.o ABSOLUTE
    BSP\adc.c                                0x00000000   Number         0  adc.o ABSOLUTE
    BSP\can.c                                0x00000000   Number         0  can.o ABSOLUTE
    BSP\gpio.c                               0x00000000   Number         0  gpio.o ABSOLUTE
    BSP\hal.c                                0x00000000   Number         0  hal.o ABSOLUTE
    BSP\iic.c                                0x00000000   Number         0  iic.o ABSOLUTE
    BSP\iwdg.c                               0x00000000   Number         0  iwdg.o ABSOLUTE
    BSP\rcc.c                                0x00000000   Number         0  rcc.o ABSOLUTE
    BSP\rtc.c                                0x00000000   Number         0  rtc.o ABSOLUTE
    BSP\spi.c                                0x00000000   Number         0  spi.o ABSOLUTE
    BSP\tim.c                                0x00000000   Number         0  tim.o ABSOLUTE
    BSP\usart.c                              0x00000000   Number         0  usart.o ABSOLUTE
    RTE\Device\STM32F103RB\startup_stm32f10x_md.s 0x00000000   Number         0  startup_stm32f10x_md.o ABSOLUTE
    RTE\Device\STM32F103RB\system_stm32f10x.c 0x00000000   Number         0  system_stm32f10x.o ABSOLUTE
    RTE\\Device\\STM32F103RB\\system_stm32f10x.c 0x00000000   Number         0  system_stm32f10x.o ABSOLUTE
    SRC\ADS8698.c                            0x00000000   Number         0  ads8698.o ABSOLUTE
    SRC\\ADS8698.c                           0x00000000   Number         0  ads8698.o ABSOLUTE
    SRC\\main.c                              0x00000000   Number         0  main.o ABSOLUTE
    SRC\main.c                               0x00000000   Number         0  main.o ABSOLUTE
    d:\Keil_v5\ARM\PACK\Keil\STM32F1xx_DFP\2.2.0\Device\StdPeriph_Driver\src\misc.c 0x00000000   Number         0  misc.o ABSOLUTE
    d:\Keil_v5\ARM\PACK\Keil\STM32F1xx_DFP\2.2.0\Device\StdPeriph_Driver\src\stm32f10x_adc.c 0x00000000   Number         0  stm32f10x_adc.o ABSOLUTE
    d:\Keil_v5\ARM\PACK\Keil\STM32F1xx_DFP\2.2.0\Device\StdPeriph_Driver\src\stm32f10x_bkp.c 0x00000000   Number         0  stm32f10x_bkp.o ABSOLUTE
    d:\Keil_v5\ARM\PACK\Keil\STM32F1xx_DFP\2.2.0\Device\StdPeriph_Driver\src\stm32f10x_can.c 0x00000000   Number         0  stm32f10x_can.o ABSOLUTE
    d:\Keil_v5\ARM\PACK\Keil\STM32F1xx_DFP\2.2.0\Device\StdPeriph_Driver\src\stm32f10x_dbgmcu.c 0x00000000   Number         0  stm32f10x_dbgmcu.o ABSOLUTE
    d:\Keil_v5\ARM\PACK\Keil\STM32F1xx_DFP\2.2.0\Device\StdPeriph_Driver\src\stm32f10x_dma.c 0x00000000   Number         0  stm32f10x_dma.o ABSOLUTE
    d:\Keil_v5\ARM\PACK\Keil\STM32F1xx_DFP\2.2.0\Device\StdPeriph_Driver\src\stm32f10x_exti.c 0x00000000   Number         0  stm32f10x_exti.o ABSOLUTE
    d:\Keil_v5\ARM\PACK\Keil\STM32F1xx_DFP\2.2.0\Device\StdPeriph_Driver\src\stm32f10x_flash.c 0x00000000   Number         0  stm32f10x_flash.o ABSOLUTE
    d:\Keil_v5\ARM\PACK\Keil\STM32F1xx_DFP\2.2.0\Device\StdPeriph_Driver\src\stm32f10x_fsmc.c 0x00000000   Number         0  stm32f10x_fsmc.o ABSOLUTE
    d:\Keil_v5\ARM\PACK\Keil\STM32F1xx_DFP\2.2.0\Device\StdPeriph_Driver\src\stm32f10x_gpio.c 0x00000000   Number         0  stm32f10x_gpio.o ABSOLUTE
    d:\Keil_v5\ARM\PACK\Keil\STM32F1xx_DFP\2.2.0\Device\StdPeriph_Driver\src\stm32f10x_i2c.c 0x00000000   Number         0  stm32f10x_i2c.o ABSOLUTE
    d:\Keil_v5\ARM\PACK\Keil\STM32F1xx_DFP\2.2.0\Device\StdPeriph_Driver\src\stm32f10x_iwdg.c 0x00000000   Number         0  stm32f10x_iwdg.o ABSOLUTE
    d:\Keil_v5\ARM\PACK\Keil\STM32F1xx_DFP\2.2.0\Device\StdPeriph_Driver\src\stm32f10x_pwr.c 0x00000000   Number         0  stm32f10x_pwr.o ABSOLUTE
    d:\Keil_v5\ARM\PACK\Keil\STM32F1xx_DFP\2.2.0\Device\StdPeriph_Driver\src\stm32f10x_rcc.c 0x00000000   Number         0  stm32f10x_rcc.o ABSOLUTE
    d:\Keil_v5\ARM\PACK\Keil\STM32F1xx_DFP\2.2.0\Device\StdPeriph_Driver\src\stm32f10x_rtc.c 0x00000000   Number         0  stm32f10x_rtc.o ABSOLUTE
    d:\Keil_v5\ARM\PACK\Keil\STM32F1xx_DFP\2.2.0\Device\StdPeriph_Driver\src\stm32f10x_spi.c 0x00000000   Number         0  stm32f10x_spi.o ABSOLUTE
    d:\Keil_v5\ARM\PACK\Keil\STM32F1xx_DFP\2.2.0\Device\StdPeriph_Driver\src\stm32f10x_tim.c 0x00000000   Number         0  stm32f10x_tim.o ABSOLUTE
    d:\Keil_v5\ARM\PACK\Keil\STM32F1xx_DFP\2.2.0\Device\StdPeriph_Driver\src\stm32f10x_usart.c 0x00000000   Number         0  stm32f10x_usart.o ABSOLUTE
    d:\Keil_v5\ARM\PACK\Keil\STM32F1xx_DFP\2.2.0\Device\StdPeriph_Driver\src\stm32f10x_wwdg.c 0x00000000   Number         0  stm32f10x_wwdg.o ABSOLUTE
    d:\\Keil_v5\\ARM\\PACK\\Keil\\STM32F1xx_DFP\\2.2.0\\Device\\StdPeriph_Driver\\src\\misc.c 0x00000000   Number         0  misc.o ABSOLUTE
    d:\\Keil_v5\\ARM\\PACK\\Keil\\STM32F1xx_DFP\\2.2.0\\Device\\StdPeriph_Driver\\src\\stm32f10x_adc.c 0x00000000   Number         0  stm32f10x_adc.o ABSOLUTE
    d:\\Keil_v5\\ARM\\PACK\\Keil\\STM32F1xx_DFP\\2.2.0\\Device\\StdPeriph_Driver\\src\\stm32f10x_bkp.c 0x00000000   Number         0  stm32f10x_bkp.o ABSOLUTE
    d:\\Keil_v5\\ARM\\PACK\\Keil\\STM32F1xx_DFP\\2.2.0\\Device\\StdPeriph_Driver\\src\\stm32f10x_can.c 0x00000000   Number         0  stm32f10x_can.o ABSOLUTE
    d:\\Keil_v5\\ARM\\PACK\\Keil\\STM32F1xx_DFP\\2.2.0\\Device\\StdPeriph_Driver\\src\\stm32f10x_dbgmcu.c 0x00000000   Number         0  stm32f10x_dbgmcu.o ABSOLUTE
    d:\\Keil_v5\\ARM\\PACK\\Keil\\STM32F1xx_DFP\\2.2.0\\Device\\StdPeriph_Driver\\src\\stm32f10x_dma.c 0x00000000   Number         0  stm32f10x_dma.o ABSOLUTE
    d:\\Keil_v5\\ARM\\PACK\\Keil\\STM32F1xx_DFP\\2.2.0\\Device\\StdPeriph_Driver\\src\\stm32f10x_exti.c 0x00000000   Number         0  stm32f10x_exti.o ABSOLUTE
    d:\\Keil_v5\\ARM\\PACK\\Keil\\STM32F1xx_DFP\\2.2.0\\Device\\StdPeriph_Driver\\src\\stm32f10x_flash.c 0x00000000   Number         0  stm32f10x_flash.o ABSOLUTE
    d:\\Keil_v5\\ARM\\PACK\\Keil\\STM32F1xx_DFP\\2.2.0\\Device\\StdPeriph_Driver\\src\\stm32f10x_fsmc.c 0x00000000   Number         0  stm32f10x_fsmc.o ABSOLUTE
    d:\\Keil_v5\\ARM\\PACK\\Keil\\STM32F1xx_DFP\\2.2.0\\Device\\StdPeriph_Driver\\src\\stm32f10x_gpio.c 0x00000000   Number         0  stm32f10x_gpio.o ABSOLUTE
    d:\\Keil_v5\\ARM\\PACK\\Keil\\STM32F1xx_DFP\\2.2.0\\Device\\StdPeriph_Driver\\src\\stm32f10x_i2c.c 0x00000000   Number         0  stm32f10x_i2c.o ABSOLUTE
    d:\\Keil_v5\\ARM\\PACK\\Keil\\STM32F1xx_DFP\\2.2.0\\Device\\StdPeriph_Driver\\src\\stm32f10x_iwdg.c 0x00000000   Number         0  stm32f10x_iwdg.o ABSOLUTE
    d:\\Keil_v5\\ARM\\PACK\\Keil\\STM32F1xx_DFP\\2.2.0\\Device\\StdPeriph_Driver\\src\\stm32f10x_pwr.c 0x00000000   Number         0  stm32f10x_pwr.o ABSOLUTE
    d:\\Keil_v5\\ARM\\PACK\\Keil\\STM32F1xx_DFP\\2.2.0\\Device\\StdPeriph_Driver\\src\\stm32f10x_rcc.c 0x00000000   Number         0  stm32f10x_rcc.o ABSOLUTE
    d:\\Keil_v5\\ARM\\PACK\\Keil\\STM32F1xx_DFP\\2.2.0\\Device\\StdPeriph_Driver\\src\\stm32f10x_rtc.c 0x00000000   Number         0  stm32f10x_rtc.o ABSOLUTE
    d:\\Keil_v5\\ARM\\PACK\\Keil\\STM32F1xx_DFP\\2.2.0\\Device\\StdPeriph_Driver\\src\\stm32f10x_spi.c 0x00000000   Number         0  stm32f10x_spi.o ABSOLUTE
    d:\\Keil_v5\\ARM\\PACK\\Keil\\STM32F1xx_DFP\\2.2.0\\Device\\StdPeriph_Driver\\src\\stm32f10x_tim.c 0x00000000   Number         0  stm32f10x_tim.o ABSOLUTE
    d:\\Keil_v5\\ARM\\PACK\\Keil\\STM32F1xx_DFP\\2.2.0\\Device\\StdPeriph_Driver\\src\\stm32f10x_usart.c 0x00000000   Number         0  stm32f10x_usart.o ABSOLUTE
    d:\\Keil_v5\\ARM\\PACK\\Keil\\STM32F1xx_DFP\\2.2.0\\Device\\StdPeriph_Driver\\src\\stm32f10x_wwdg.c 0x00000000   Number         0  stm32f10x_wwdg.o ABSOLUTE
    dc.s                                     0x00000000   Number         0  dc.o ABSOLUTE
    RESET                                    0x08000000   Section      236  startup_stm32f10x_md.o(RESET)
    !!!main                                  0x080000ec   Section        8  __main.o(!!!main)
    !!!scatter                               0x080000f4   Section       52  __scatter.o(!!!scatter)
    !!handler_copy                           0x08000128   Section       26  __scatter_copy.o(!!handler_copy)
    !!handler_zi                             0x08000144   Section       28  __scatter_zi.o(!!handler_zi)
    .ARM.Collect$$_printf_percent$$00000000  0x08000160   Section        0  _printf_percent.o(.ARM.Collect$$_printf_percent$$00000000)
    .ARM.Collect$$_printf_percent$$00000009  0x08000160   Section        6  _printf_d.o(.ARM.Collect$$_printf_percent$$00000009)
    .ARM.Collect$$_printf_percent$$00000017  0x08000166   Section        4  _printf_percent_end.o(.ARM.Collect$$_printf_percent$$00000017)
    .ARM.Collect$$libinit$$00000000          0x0800016a   Section        2  libinit.o(.ARM.Collect$$libinit$$00000000)
    .ARM.Collect$$libinit$$00000002          0x0800016c   Section        0  libinit2.o(.ARM.Collect$$libinit$$00000002)
    .ARM.Collect$$libinit$$00000004          0x0800016c   Section        0  libinit2.o(.ARM.Collect$$libinit$$00000004)
    .ARM.Collect$$libinit$$00000005          0x0800016c   Section        8  libinit2.o(.ARM.Collect$$libinit$$00000005)
    .ARM.Collect$$libinit$$0000000A          0x08000174   Section        0  libinit2.o(.ARM.Collect$$libinit$$0000000A)
    .ARM.Collect$$libinit$$0000000C          0x08000174   Section        0  libinit2.o(.ARM.Collect$$libinit$$0000000C)
    .ARM.Collect$$libinit$$0000000E          0x08000174   Section        0  libinit2.o(.ARM.Collect$$libinit$$0000000E)
    .ARM.Collect$$libinit$$00000011          0x08000174   Section        0  libinit2.o(.ARM.Collect$$libinit$$00000011)
    .ARM.Collect$$libinit$$00000013          0x08000174   Section        0  libinit2.o(.ARM.Collect$$libinit$$00000013)
    .ARM.Collect$$libinit$$00000015          0x08000174   Section        0  libinit2.o(.ARM.Collect$$libinit$$00000015)
    .ARM.Collect$$libinit$$00000017          0x08000174   Section        0  libinit2.o(.ARM.Collect$$libinit$$00000017)
    .ARM.Collect$$libinit$$00000019          0x08000174   Section        0  libinit2.o(.ARM.Collect$$libinit$$00000019)
    .ARM.Collect$$libinit$$0000001B          0x08000174   Section        0  libinit2.o(.ARM.Collect$$libinit$$0000001B)
    .ARM.Collect$$libinit$$0000001D          0x08000174   Section        0  libinit2.o(.ARM.Collect$$libinit$$0000001D)
    .ARM.Collect$$libinit$$0000001F          0x08000174   Section        0  libinit2.o(.ARM.Collect$$libinit$$0000001F)
    .ARM.Collect$$libinit$$00000021          0x08000174   Section        0  libinit2.o(.ARM.Collect$$libinit$$00000021)
    .ARM.Collect$$libinit$$00000023          0x08000174   Section        0  libinit2.o(.ARM.Collect$$libinit$$00000023)
    .ARM.Collect$$libinit$$00000024          0x08000174   Section        4  libinit2.o(.ARM.Collect$$libinit$$00000024)
    .ARM.Collect$$libinit$$00000025          0x08000178   Section        0  libinit2.o(.ARM.Collect$$libinit$$00000025)
    .ARM.Collect$$libinit$$0000002C          0x08000178   Section        0  libinit2.o(.ARM.Collect$$libinit$$0000002C)
    .ARM.Collect$$libinit$$0000002E          0x08000178   Section        0  libinit2.o(.ARM.Collect$$libinit$$0000002E)
    .ARM.Collect$$libinit$$00000030          0x08000178   Section        0  libinit2.o(.ARM.Collect$$libinit$$00000030)
    .ARM.Collect$$libinit$$00000032          0x08000178   Section        0  libinit2.o(.ARM.Collect$$libinit$$00000032)
    .ARM.Collect$$libinit$$00000033          0x08000178   Section        2  libinit2.o(.ARM.Collect$$libinit$$00000033)
    .ARM.Collect$$libshutdown$$00000000      0x0800017a   Section        2  libshutdown.o(.ARM.Collect$$libshutdown$$00000000)
    .ARM.Collect$$libshutdown$$00000002      0x0800017c   Section        0  libshutdown2.o(.ARM.Collect$$libshutdown$$00000002)
    .ARM.Collect$$libshutdown$$00000003      0x0800017c   Section        4  libshutdown2.o(.ARM.Collect$$libshutdown$$00000003)
    .ARM.Collect$$libshutdown$$00000004      0x08000180   Section        0  libshutdown2.o(.ARM.Collect$$libshutdown$$00000004)
    .ARM.Collect$$libshutdown$$00000007      0x08000180   Section        0  libshutdown2.o(.ARM.Collect$$libshutdown$$00000007)
    .ARM.Collect$$libshutdown$$0000000A      0x08000180   Section        0  libshutdown2.o(.ARM.Collect$$libshutdown$$0000000A)
    .ARM.Collect$$libshutdown$$0000000C      0x08000180   Section        0  libshutdown2.o(.ARM.Collect$$libshutdown$$0000000C)
    .ARM.Collect$$libshutdown$$0000000F      0x08000180   Section        0  libshutdown2.o(.ARM.Collect$$libshutdown$$0000000F)
    .ARM.Collect$$libshutdown$$00000010      0x08000180   Section        2  libshutdown2.o(.ARM.Collect$$libshutdown$$00000010)
    .ARM.Collect$$rtentry$$00000000          0x08000182   Section        0  __rtentry.o(.ARM.Collect$$rtentry$$00000000)
    .ARM.Collect$$rtentry$$00000002          0x08000182   Section        0  __rtentry2.o(.ARM.Collect$$rtentry$$00000002)
    .ARM.Collect$$rtentry$$00000004          0x08000182   Section        6  __rtentry4.o(.ARM.Collect$$rtentry$$00000004)
    .ARM.Collect$$rtentry$$00000009          0x08000188   Section        0  __rtentry2.o(.ARM.Collect$$rtentry$$00000009)
    .ARM.Collect$$rtentry$$0000000A          0x08000188   Section        4  __rtentry2.o(.ARM.Collect$$rtentry$$0000000A)
    .ARM.Collect$$rtentry$$0000000C          0x0800018c   Section        0  __rtentry2.o(.ARM.Collect$$rtentry$$0000000C)
    .ARM.Collect$$rtentry$$0000000D          0x0800018c   Section        8  __rtentry2.o(.ARM.Collect$$rtentry$$0000000D)
    .ARM.Collect$$rtexit$$00000000           0x08000194   Section        2  rtexit.o(.ARM.Collect$$rtexit$$00000000)
    .ARM.Collect$$rtexit$$00000002           0x08000196   Section        0  rtexit2.o(.ARM.Collect$$rtexit$$00000002)
    .ARM.Collect$$rtexit$$00000003           0x08000196   Section        4  rtexit2.o(.ARM.Collect$$rtexit$$00000003)
    .ARM.Collect$$rtexit$$00000004           0x0800019a   Section        6  rtexit2.o(.ARM.Collect$$rtexit$$00000004)
    .emb_text                                0x080001a0   Section        0  maybetermalloc1.o(.emb_text)
    .text                                    0x080001a0   Section       64  startup_stm32f10x_md.o(.text)
    .text                                    0x080001e0   Section        0  noretval__2printf.o(.text)
    .text                                    0x080001f8   Section        0  __printf.o(.text)
    .text                                    0x08000260   Section        0  _printf_dec.o(.text)
    .text                                    0x080002d8   Section        0  heapauxi.o(.text)
    .text                                    0x080002de   Section        0  _printf_intcommon.o(.text)
    .text                                    0x08000390   Section        0  _printf_char_file.o(.text)
    .text                                    0x080003b4   Section       78  rt_memclr_w.o(.text)
    .text                                    0x08000404   Section        0  _printf_char_common.o(.text)
    _printf_input_char                       0x08000405   Thumb Code    10  _printf_char_common.o(.text)
    .text                                    0x08000434   Section        0  ferror.o(.text)
    .text                                    0x0800043c   Section        0  initio.o(.text)
    .text                                    0x08000574   Section        0  sys_io.o(.text)
    .text                                    0x080005da   Section       74  sys_stackheap_outer.o(.text)
    .text                                    0x08000624   Section        0  h1_free.o(.text)
    .text                                    0x08000672   Section        0  flsbuf.o(.text)
    .text                                    0x08000848   Section        0  setvbuf.o(.text)
    .text                                    0x08000890   Section        0  fopen.o(.text)
    _freopen_locked                          0x08000891   Thumb Code     0  fopen.o(.text)
    .text                                    0x0800097c   Section        0  fclose.o(.text)
    .text                                    0x080009c8   Section        0  exit.o(.text)
    .text                                    0x080009da   Section        0  defsig_rtred_outer.o(.text)
    .text                                    0x080009e8   Section        8  libspace.o(.text)
    .text                                    0x080009f0   Section        2  use_no_semi.o(.text)
    .text                                    0x080009f2   Section        0  indicate_semi.o(.text)
    .text                                    0x080009f4   Section        8  rt_heap_descriptor_intlibspace.o(.text)
    .text                                    0x080009fc   Section        0  hguard.o(.text)
    .text                                    0x08000a00   Section        0  init_alloc.o(.text)
    .text                                    0x08000a8a   Section        0  h1_alloc.o(.text)
    .text                                    0x08000ae8   Section        0  fseek.o(.text)
    .text                                    0x08000be0   Section        0  stdio.o(.text)
    .text                                    0x08000cd0   Section        0  defsig_exit.o(.text)
    .text                                    0x08000cdc   Section        0  defsig_rtred_inner.o(.text)
    .text                                    0x08000d10   Section        0  strlen.o(.text)
    .text                                    0x08000d50   Section        0  sys_exit.o(.text)
    .text                                    0x08000d5c   Section        0  h1_init.o(.text)
    .text                                    0x08000d6a   Section        0  h1_extend.o(.text)
    .text                                    0x08000d9e   Section        0  ftell.o(.text)
    .text                                    0x08000de0   Section        0  defsig_general.o(.text)
    .text                                    0x08000e12   Section        0  defsig_rtmem_outer.o(.text)
    .text                                    0x08000e20   Section        0  sys_wrch.o(.text)
    .text                                    0x08000e30   Section        8  rt_errno_addr_intlibspace.o(.text)
    .text                                    0x08000e38   Section        0  defsig_rtmem_inner.o(.text)
    i.ADS8694_SendCmd                        0x08000e88   Section        0  ads8698.o(i.ADS8694_SendCmd)
    ADS8694_SendCmd                          0x08000e89   Thumb Code   108  ads8698.o(i.ADS8694_SendCmd)
    i.ADS8698_ConfigReg                      0x08000efc   Section        0  ads8698.o(i.ADS8698_ConfigReg)
    i.ADS8698_GPIO_Init                      0x08000f24   Section        0  ads8698.o(i.ADS8698_GPIO_Init)
    i.ADS8698_Init                           0x08000fac   Section        0  ads8698.o(i.ADS8698_Init)
    i.ADS8698_RadeData                       0x08000ff4   Section        0  ads8698.o(i.ADS8698_RadeData)
    i.ADS8698_WriteReg                       0x080010bc   Section        0  ads8698.o(i.ADS8698_WriteReg)
    ADS8698_WriteReg                         0x080010bd   Thumb Code   124  ads8698.o(i.ADS8698_WriteReg)
    i.CAN1_SCE_IRQHandler                    0x08001140   Section        0  can.o(i.CAN1_SCE_IRQHandler)
    i.CAN_ClearITPendingBit                  0x0800117c   Section        0  stm32f10x_can.o(i.CAN_ClearITPendingBit)
    i.CAN_Config                             0x08001224   Section        0  can.o(i.CAN_Config)
    i.CAN_FilterInit                         0x08001390   Section        0  stm32f10x_can.o(i.CAN_FilterInit)
    i.CAN_ITConfig                           0x08001498   Section        0  stm32f10x_can.o(i.CAN_ITConfig)
    i.CAN_Init                               0x080014aa   Section        0  stm32f10x_can.o(i.CAN_Init)
    i.CAN_Receive                            0x080015be   Section        0  stm32f10x_can.o(i.CAN_Receive)
    i.Data_MaxmumValue                       0x080016b0   Section        0  ads8698.o(i.Data_MaxmumValue)
    i.Delay_Us                               0x080017bc   Section        0  rcc.o(i.Delay_Us)
    i.GPIO_Config                            0x08001808   Section        0  gpio.o(i.GPIO_Config)
    i.GPIO_Init                              0x08001860   Section        0  stm32f10x_gpio.o(i.GPIO_Init)
    i.GPIO_ReadInputDataBit                  0x08001976   Section        0  stm32f10x_gpio.o(i.GPIO_ReadInputDataBit)
    i.GPIO_ResetBits                         0x08001988   Section        0  stm32f10x_gpio.o(i.GPIO_ResetBits)
    i.GPIO_SetBits                           0x0800198c   Section        0  stm32f10x_gpio.o(i.GPIO_SetBits)
    i.Hal_Init                               0x08001990   Section        0  hal.o(i.Hal_Init)
    i.NVIC_Init                              0x080019b4   Section        0  misc.o(i.NVIC_Init)
    i.NVIC_PriorityGroupConfig               0x08001a24   Section        0  misc.o(i.NVIC_PriorityGroupConfig)
    i.RCC_APB1PeriphClockCmd                 0x08001a38   Section        0  stm32f10x_rcc.o(i.RCC_APB1PeriphClockCmd)
    i.RCC_APB1PeriphResetCmd                 0x08001a58   Section        0  stm32f10x_rcc.o(i.RCC_APB1PeriphResetCmd)
    i.RCC_APB2PeriphClockCmd                 0x08001a78   Section        0  stm32f10x_rcc.o(i.RCC_APB2PeriphClockCmd)
    i.RCC_APB2PeriphResetCmd                 0x08001a98   Section        0  stm32f10x_rcc.o(i.RCC_APB2PeriphResetCmd)
    i.RCC_Config                             0x08001ab8   Section        0  rcc.o(i.RCC_Config)
    i.RCC_DeInit                             0x08001b5c   Section        0  stm32f10x_rcc.o(i.RCC_DeInit)
    i.RCC_GetClocksFreq                      0x08001ba8   Section        0  stm32f10x_rcc.o(i.RCC_GetClocksFreq)
    i.RCC_GetFlagStatus                      0x08001c7c   Section        0  stm32f10x_rcc.o(i.RCC_GetFlagStatus)
    i.RCC_GetSYSCLKSource                    0x08001cb8   Section        0  stm32f10x_rcc.o(i.RCC_GetSYSCLKSource)
    i.RCC_HCLKConfig                         0x08001cc8   Section        0  stm32f10x_rcc.o(i.RCC_HCLKConfig)
    i.RCC_HSEConfig                          0x08001ce0   Section        0  stm32f10x_rcc.o(i.RCC_HSEConfig)
    i.RCC_PCLK1Config                        0x08001d2c   Section        0  stm32f10x_rcc.o(i.RCC_PCLK1Config)
    i.RCC_PCLK2Config                        0x08001d44   Section        0  stm32f10x_rcc.o(i.RCC_PCLK2Config)
    i.RCC_PLLCmd                             0x08001d5c   Section        0  stm32f10x_rcc.o(i.RCC_PLLCmd)
    i.RCC_PLLConfig                          0x08001d68   Section        0  stm32f10x_rcc.o(i.RCC_PLLConfig)
    i.RCC_SYSCLKConfig                       0x08001d84   Section        0  stm32f10x_rcc.o(i.RCC_SYSCLKConfig)
    i.RCC_WaitForHSEStartUp                  0x08001d9c   Section        0  stm32f10x_rcc.o(i.RCC_WaitForHSEStartUp)
    i.RTC_ClearITPendingBit                  0x08001dd4   Section        0  stm32f10x_rtc.o(i.RTC_ClearITPendingBit)
    i.RTC_GetITStatus                        0x08001de4   Section        0  stm32f10x_rtc.o(i.RTC_GetITStatus)
    i.RTC_IRQHandler                         0x08001e08   Section        0  rtc.o(i.RTC_IRQHandler)
    i.RTC_WaitForLastTask                    0x08001e2c   Section        0  stm32f10x_rtc.o(i.RTC_WaitForLastTask)
    i.Read_Sensorstatus                      0x08001e40   Section        0  gpio.o(i.Read_Sensorstatus)
    i.SPI1_Config                            0x08001e84   Section        0  spi.o(i.SPI1_Config)
    i.SPI1_ReadWriteByte                     0x08001f14   Section        0  spi.o(i.SPI1_ReadWriteByte)
    i.SPI2_Config                            0x08001f68   Section        0  spi.o(i.SPI2_Config)
    i.SPI2_ReadWriteByte                     0x08001ffc   Section        0  spi.o(i.SPI2_ReadWriteByte)
    i.SPI_Cmd                                0x08002050   Section        0  stm32f10x_spi.o(i.SPI_Cmd)
    i.SPI_I2S_GetFlagStatus                  0x08002068   Section        0  stm32f10x_spi.o(i.SPI_I2S_GetFlagStatus)
    i.SPI_I2S_ReceiveData                    0x0800207a   Section        0  stm32f10x_spi.o(i.SPI_I2S_ReceiveData)
    i.SPI_I2S_SendData                       0x08002080   Section        0  stm32f10x_spi.o(i.SPI_I2S_SendData)
    i.SPI_Init                               0x08002084   Section        0  stm32f10x_spi.o(i.SPI_Init)
    i.SetSysClock                            0x080020c0   Section        0  system_stm32f10x.o(i.SetSysClock)
    SetSysClock                              0x080020c1   Thumb Code     8  system_stm32f10x.o(i.SetSysClock)
    i.SetSysClockTo72                        0x080020c8   Section        0  system_stm32f10x.o(i.SetSysClockTo72)
    SetSysClockTo72                          0x080020c9   Thumb Code   214  system_stm32f10x.o(i.SetSysClockTo72)
    i.SysTick_CLKSourceConfig                0x080021a8   Section        0  misc.o(i.SysTick_CLKSourceConfig)
    i.SystemInit                             0x080021d0   Section        0  system_stm32f10x.o(i.SystemInit)
    i.TIM2_Config                            0x08002230   Section        0  tim.o(i.TIM2_Config)
    i.TIM2_IRQHandler                        0x08002294   Section        0  tim.o(i.TIM2_IRQHandler)
    i.TIM_ClearITPendingBit                  0x080022c0   Section        0  stm32f10x_tim.o(i.TIM_ClearITPendingBit)
    i.TIM_Cmd                                0x080022c6   Section        0  stm32f10x_tim.o(i.TIM_Cmd)
    i.TIM_GetITStatus                        0x080022de   Section        0  stm32f10x_tim.o(i.TIM_GetITStatus)
    i.TIM_ITConfig                           0x08002300   Section        0  stm32f10x_tim.o(i.TIM_ITConfig)
    i.TIM_TimeBaseInit                       0x08002314   Section        0  stm32f10x_tim.o(i.TIM_TimeBaseInit)
    i.USART1_IRQHandler                      0x080023b8   Section        0  usart.o(i.USART1_IRQHandler)
    i.USART_ClearFlag                        0x08002418   Section        0  stm32f10x_usart.o(i.USART_ClearFlag)
    i.USART_ClearITPendingBit                0x0800242a   Section        0  stm32f10x_usart.o(i.USART_ClearITPendingBit)
    i.USART_Cmd                              0x08002448   Section        0  stm32f10x_usart.o(i.USART_Cmd)
    i.USART_Config                           0x08002460   Section        0  usart.o(i.USART_Config)
    i.USART_DeInit                           0x0800252c   Section        0  stm32f10x_usart.o(i.USART_DeInit)
    i.USART_GetITStatus                      0x080025c8   Section        0  stm32f10x_usart.o(i.USART_GetITStatus)
    i.USART_ITConfig                         0x0800261c   Section        0  stm32f10x_usart.o(i.USART_ITConfig)
    i.USART_Init                             0x08002668   Section        0  stm32f10x_usart.o(i.USART_Init)
    i.USART_ReceiveData                      0x08002740   Section        0  stm32f10x_usart.o(i.USART_ReceiveData)
    i.USB_LP_CAN1_RX0_IRQHandler             0x0800274c   Section        0  can.o(i.USB_LP_CAN1_RX0_IRQHandler)
    i.fputc                                  0x08002774   Section        0  fputc.o(i.fputc)
    i.main                                   0x08002790   Section        0  main.o(i.main)
    .constdata                               0x080027b0   Section        4  sys_io.o(.constdata)
    .constdata                               0x080027b4   Section        4  sys_io.o(.constdata)
    .constdata                               0x080027b8   Section        4  sys_io.o(.constdata)
    .data                                    0x20000000   Section       12  can.o(.data)
    .data                                    0x2000000c   Section        2  gpio.o(.data)
    .data                                    0x2000000e   Section        4  rcc.o(.data)
    fac_us                                   0x2000000e   Data           1  rcc.o(.data)
    fac_ms                                   0x20000010   Data           2  rcc.o(.data)
    .data                                    0x20000012   Section        1  tim.o(.data)
    .data                                    0x20000014   Section        8  usart.o(.data)
    .data                                    0x2000001c   Section        9  ads8698.o(.data)
    .data                                    0x20000028   Section       20  system_stm32f10x.o(.data)
    .data                                    0x2000003c   Section       20  stm32f10x_rcc.o(.data)
    APBAHBPrescTable                         0x2000003c   Data          16  stm32f10x_rcc.o(.data)
    ADCPrescTable                            0x2000004c   Data           4  stm32f10x_rcc.o(.data)
    .data                                    0x20000050   Section        4  stdio_streams.o(.data)
    .data                                    0x20000054   Section        4  stdio_streams.o(.data)
    .data                                    0x20000058   Section        4  stdio_streams.o(.data)
    .bss                                     0x2000005c   Section       20  can.o(.bss)
    .bss                                     0x20000070   Section       20  rcc.o(.bss)
    .bss                                     0x20000084   Section      400  usart.o(.bss)
    .bss                                     0x20000214   Section     5632  ads8698.o(.bss)
    .bss                                     0x20001814   Section       84  stdio_streams.o(.bss)
    .bss                                     0x20001868   Section       84  stdio_streams.o(.bss)
    .bss                                     0x200018bc   Section       84  stdio_streams.o(.bss)
    .bss                                     0x20001910   Section       96  libspace.o(.bss)
    HEAP                                     0x20001970   Section      512  startup_stm32f10x_md.o(HEAP)
    Heap_Mem                                 0x20001970   Data         512  startup_stm32f10x_md.o(HEAP)
    STACK                                    0x20001b70   Section     1024  startup_stm32f10x_md.o(STACK)
    Stack_Mem                                0x20001b70   Data        1024  startup_stm32f10x_md.o(STACK)
    __initial_sp                             0x20001f70   Data           0  startup_stm32f10x_md.o(STACK)

    Global Symbols

    Symbol Name                              Value     Ov Type        Size  Object(Section)

    BuildAttributes$$THM_ISAv4$P$D$K$B$S$PE$A:L22UL41UL21$X:L11$S22US41US21$IEEE1$IW$USESV6$~STKCKD$USESV7$~SHL$OTIME$ROPI$EBA8$UX$STANDARDLIB$REQ8$PRES8$EABIv2 0x00000000   Number         0  anon$$obj.o ABSOLUTE
    __ARM_use_no_argv                        0x00000000   Number         0  main.o ABSOLUTE
    __ARM_exceptions_init                     - Undefined Weak Reference
    __alloca_initialize                       - Undefined Weak Reference
    __arm_preinit_                            - Undefined Weak Reference
    __cpp_initialize__aeabi_                  - Undefined Weak Reference
    __cxa_finalize                            - Undefined Weak Reference
    __rt_locale                               - Undefined Weak Reference
    __sigvec_lookup                           - Undefined Weak Reference
    __user_heap_extent                        - Undefined Weak Reference
    _atexit_init                              - Undefined Weak Reference
    _call_atexit_fns                          - Undefined Weak Reference
    _clock_init                               - Undefined Weak Reference
    _fp_trap_init                             - Undefined Weak Reference
    _fp_trap_shutdown                         - Undefined Weak Reference
    _get_lc_collate                           - Undefined Weak Reference
    _get_lc_ctype                             - Undefined Weak Reference
    _get_lc_monetary                          - Undefined Weak Reference
    _get_lc_numeric                           - Undefined Weak Reference
    _get_lc_time                              - Undefined Weak Reference
    _getenv_init                              - Undefined Weak Reference
    _handle_redirection                       - Undefined Weak Reference
    _mutex_acquire                            - Undefined Weak Reference
    _mutex_free                               - Undefined Weak Reference
    _mutex_release                            - Undefined Weak Reference
    _printf_post_padding                      - Undefined Weak Reference
    _printf_pre_padding                       - Undefined Weak Reference
    _printf_truncate_signed                   - Undefined Weak Reference
    _printf_truncate_unsigned                 - Undefined Weak Reference
    _rand_init                                - Undefined Weak Reference
    _signal_finish                            - Undefined Weak Reference
    _signal_init                              - Undefined Weak Reference
    __Vectors_Size                           0x000000ec   Number         0  startup_stm32f10x_md.o ABSOLUTE
    __Vectors                                0x08000000   Data           4  startup_stm32f10x_md.o(RESET)
    __Vectors_End                            0x080000ec   Data           0  startup_stm32f10x_md.o(RESET)
    __main                                   0x080000ed   Thumb Code     8  __main.o(!!!main)
    __scatterload                            0x080000f5   Thumb Code     0  __scatter.o(!!!scatter)
    __scatterload_rt2                        0x080000f5   Thumb Code    44  __scatter.o(!!!scatter)
    __scatterload_rt2_thumb_only             0x080000f5   Thumb Code     0  __scatter.o(!!!scatter)
    __scatterload_null                       0x08000103   Thumb Code     0  __scatter.o(!!!scatter)
    __scatterload_copy                       0x08000129   Thumb Code    26  __scatter_copy.o(!!handler_copy)
    __scatterload_zeroinit                   0x08000145   Thumb Code    28  __scatter_zi.o(!!handler_zi)
    _printf_d                                0x08000161   Thumb Code     0  _printf_d.o(.ARM.Collect$$_printf_percent$$00000009)
    _printf_percent                          0x08000161   Thumb Code     0  _printf_percent.o(.ARM.Collect$$_printf_percent$$00000000)
    _printf_percent_end                      0x08000167   Thumb Code     0  _printf_percent_end.o(.ARM.Collect$$_printf_percent$$00000017)
    __rt_lib_init                            0x0800016b   Thumb Code     0  libinit.o(.ARM.Collect$$libinit$$00000000)
    __rt_lib_init_fp_1                       0x0800016d   Thumb Code     0  libinit2.o(.ARM.Collect$$libinit$$00000002)
    __rt_lib_init_heap_2                     0x0800016d   Thumb Code     0  libinit2.o(.ARM.Collect$$libinit$$00000005)
    __rt_lib_init_preinit_1                  0x0800016d   Thumb Code     0  libinit2.o(.ARM.Collect$$libinit$$00000004)
    __rt_lib_init_atexit_1                   0x08000175   Thumb Code     0  libinit2.o(.ARM.Collect$$libinit$$0000001B)
    __rt_lib_init_clock_1                    0x08000175   Thumb Code     0  libinit2.o(.ARM.Collect$$libinit$$00000021)
    __rt_lib_init_fp_trap_1                  0x08000175   Thumb Code     0  libinit2.o(.ARM.Collect$$libinit$$0000001F)
    __rt_lib_init_getenv_1                   0x08000175   Thumb Code     0  libinit2.o(.ARM.Collect$$libinit$$00000023)
    __rt_lib_init_heap_1                     0x08000175   Thumb Code     0  libinit2.o(.ARM.Collect$$libinit$$0000000A)
    __rt_lib_init_lc_collate_1               0x08000175   Thumb Code     0  libinit2.o(.ARM.Collect$$libinit$$00000011)
    __rt_lib_init_lc_ctype_1                 0x08000175   Thumb Code     0  libinit2.o(.ARM.Collect$$libinit$$00000013)
    __rt_lib_init_lc_monetary_1              0x08000175   Thumb Code     0  libinit2.o(.ARM.Collect$$libinit$$00000015)
    __rt_lib_init_lc_numeric_1               0x08000175   Thumb Code     0  libinit2.o(.ARM.Collect$$libinit$$00000017)
    __rt_lib_init_lc_time_1                  0x08000175   Thumb Code     0  libinit2.o(.ARM.Collect$$libinit$$00000019)
    __rt_lib_init_rand_1                     0x08000175   Thumb Code     0  libinit2.o(.ARM.Collect$$libinit$$0000000E)
    __rt_lib_init_signal_1                   0x08000175   Thumb Code     0  libinit2.o(.ARM.Collect$$libinit$$0000001D)
    __rt_lib_init_stdio_2                    0x08000175   Thumb Code     0  libinit2.o(.ARM.Collect$$libinit$$00000024)
    __rt_lib_init_user_alloc_1               0x08000175   Thumb Code     0  libinit2.o(.ARM.Collect$$libinit$$0000000C)
    __rt_lib_init_alloca_1                   0x08000179   Thumb Code     0  libinit2.o(.ARM.Collect$$libinit$$0000002E)
    __rt_lib_init_argv_1                     0x08000179   Thumb Code     0  libinit2.o(.ARM.Collect$$libinit$$0000002C)
    __rt_lib_init_cpp_1                      0x08000179   Thumb Code     0  libinit2.o(.ARM.Collect$$libinit$$00000032)
    __rt_lib_init_exceptions_1               0x08000179   Thumb Code     0  libinit2.o(.ARM.Collect$$libinit$$00000030)
    __rt_lib_init_return                     0x08000179   Thumb Code     0  libinit2.o(.ARM.Collect$$libinit$$00000033)
    __rt_lib_init_stdio_1                    0x08000179   Thumb Code     0  libinit2.o(.ARM.Collect$$libinit$$00000025)
    __rt_lib_shutdown                        0x0800017b   Thumb Code     0  libshutdown.o(.ARM.Collect$$libshutdown$$00000000)
    __rt_lib_shutdown_cpp_1                  0x0800017d   Thumb Code     0  libshutdown2.o(.ARM.Collect$$libshutdown$$00000002)
    __rt_lib_shutdown_stdio_2                0x0800017d   Thumb Code     0  libshutdown2.o(.ARM.Collect$$libshutdown$$00000003)
    __rt_lib_shutdown_fp_trap_1              0x08000181   Thumb Code     0  libshutdown2.o(.ARM.Collect$$libshutdown$$00000007)
    __rt_lib_shutdown_heap_1                 0x08000181   Thumb Code     0  libshutdown2.o(.ARM.Collect$$libshutdown$$0000000F)
    __rt_lib_shutdown_return                 0x08000181   Thumb Code     0  libshutdown2.o(.ARM.Collect$$libshutdown$$00000010)
    __rt_lib_shutdown_signal_1               0x08000181   Thumb Code     0  libshutdown2.o(.ARM.Collect$$libshutdown$$0000000A)
    __rt_lib_shutdown_stdio_1                0x08000181   Thumb Code     0  libshutdown2.o(.ARM.Collect$$libshutdown$$00000004)
    __rt_lib_shutdown_user_alloc_1           0x08000181   Thumb Code     0  libshutdown2.o(.ARM.Collect$$libshutdown$$0000000C)
    __rt_entry                               0x08000183   Thumb Code     0  __rtentry.o(.ARM.Collect$$rtentry$$00000000)
    __rt_entry_presh_1                       0x08000183   Thumb Code     0  __rtentry2.o(.ARM.Collect$$rtentry$$00000002)
    __rt_entry_sh                            0x08000183   Thumb Code     0  __rtentry4.o(.ARM.Collect$$rtentry$$00000004)
    __rt_entry_li                            0x08000189   Thumb Code     0  __rtentry2.o(.ARM.Collect$$rtentry$$0000000A)
    __rt_entry_postsh_1                      0x08000189   Thumb Code     0  __rtentry2.o(.ARM.Collect$$rtentry$$00000009)
    __rt_entry_main                          0x0800018d   Thumb Code     0  __rtentry2.o(.ARM.Collect$$rtentry$$0000000D)
    __rt_entry_postli_1                      0x0800018d   Thumb Code     0  __rtentry2.o(.ARM.Collect$$rtentry$$0000000C)
    __rt_exit                                0x08000195   Thumb Code     0  rtexit.o(.ARM.Collect$$rtexit$$00000000)
    __rt_exit_ls                             0x08000197   Thumb Code     0  rtexit2.o(.ARM.Collect$$rtexit$$00000003)
    __rt_exit_prels_1                        0x08000197   Thumb Code     0  rtexit2.o(.ARM.Collect$$rtexit$$00000002)
    __rt_exit_exit                           0x0800019b   Thumb Code     0  rtexit2.o(.ARM.Collect$$rtexit$$00000004)
    Reset_Handler                            0x080001a1   Thumb Code     8  startup_stm32f10x_md.o(.text)
    _maybe_terminate_alloc                   0x080001a1   Thumb Code     0  maybetermalloc1.o(.emb_text)
    NMI_Handler                              0x080001a9   Thumb Code     2  startup_stm32f10x_md.o(.text)
    HardFault_Handler                        0x080001ab   Thumb Code     2  startup_stm32f10x_md.o(.text)
    MemManage_Handler                        0x080001ad   Thumb Code     2  startup_stm32f10x_md.o(.text)
    BusFault_Handler                         0x080001af   Thumb Code     2  startup_stm32f10x_md.o(.text)
    UsageFault_Handler                       0x080001b1   Thumb Code     2  startup_stm32f10x_md.o(.text)
    SVC_Handler                              0x080001b3   Thumb Code     2  startup_stm32f10x_md.o(.text)
    DebugMon_Handler                         0x080001b5   Thumb Code     2  startup_stm32f10x_md.o(.text)
    PendSV_Handler                           0x080001b7   Thumb Code     2  startup_stm32f10x_md.o(.text)
    SysTick_Handler                          0x080001b9   Thumb Code     2  startup_stm32f10x_md.o(.text)
    ADC1_2_IRQHandler                        0x080001bb   Thumb Code     0  startup_stm32f10x_md.o(.text)
    CAN1_RX1_IRQHandler                      0x080001bb   Thumb Code     0  startup_stm32f10x_md.o(.text)
    DMA1_Channel1_IRQHandler                 0x080001bb   Thumb Code     0  startup_stm32f10x_md.o(.text)
    DMA1_Channel2_IRQHandler                 0x080001bb   Thumb Code     0  startup_stm32f10x_md.o(.text)
    DMA1_Channel3_IRQHandler                 0x080001bb   Thumb Code     0  startup_stm32f10x_md.o(.text)
    DMA1_Channel4_IRQHandler                 0x080001bb   Thumb Code     0  startup_stm32f10x_md.o(.text)
    DMA1_Channel5_IRQHandler                 0x080001bb   Thumb Code     0  startup_stm32f10x_md.o(.text)
    DMA1_Channel6_IRQHandler                 0x080001bb   Thumb Code     0  startup_stm32f10x_md.o(.text)
    DMA1_Channel7_IRQHandler                 0x080001bb   Thumb Code     0  startup_stm32f10x_md.o(.text)
    EXTI0_IRQHandler                         0x080001bb   Thumb Code     0  startup_stm32f10x_md.o(.text)
    EXTI15_10_IRQHandler                     0x080001bb   Thumb Code     0  startup_stm32f10x_md.o(.text)
    EXTI1_IRQHandler                         0x080001bb   Thumb Code     0  startup_stm32f10x_md.o(.text)
    EXTI2_IRQHandler                         0x080001bb   Thumb Code     0  startup_stm32f10x_md.o(.text)
    EXTI3_IRQHandler                         0x080001bb   Thumb Code     0  startup_stm32f10x_md.o(.text)
    EXTI4_IRQHandler                         0x080001bb   Thumb Code     0  startup_stm32f10x_md.o(.text)
    EXTI9_5_IRQHandler                       0x080001bb   Thumb Code     0  startup_stm32f10x_md.o(.text)
    FLASH_IRQHandler                         0x080001bb   Thumb Code     0  startup_stm32f10x_md.o(.text)
    I2C1_ER_IRQHandler                       0x080001bb   Thumb Code     0  startup_stm32f10x_md.o(.text)
    I2C1_EV_IRQHandler                       0x080001bb   Thumb Code     0  startup_stm32f10x_md.o(.text)
    I2C2_ER_IRQHandler                       0x080001bb   Thumb Code     0  startup_stm32f10x_md.o(.text)
    I2C2_EV_IRQHandler                       0x080001bb   Thumb Code     0  startup_stm32f10x_md.o(.text)
    PVD_IRQHandler                           0x080001bb   Thumb Code     0  startup_stm32f10x_md.o(.text)
    RCC_IRQHandler                           0x080001bb   Thumb Code     0  startup_stm32f10x_md.o(.text)
    RTCAlarm_IRQHandler                      0x080001bb   Thumb Code     0  startup_stm32f10x_md.o(.text)
    SPI1_IRQHandler                          0x080001bb   Thumb Code     0  startup_stm32f10x_md.o(.text)
    SPI2_IRQHandler                          0x080001bb   Thumb Code     0  startup_stm32f10x_md.o(.text)
    TAMPER_IRQHandler                        0x080001bb   Thumb Code     0  startup_stm32f10x_md.o(.text)
    TIM1_BRK_IRQHandler                      0x080001bb   Thumb Code     0  startup_stm32f10x_md.o(.text)
    TIM1_CC_IRQHandler                       0x080001bb   Thumb Code     0  startup_stm32f10x_md.o(.text)
    TIM1_TRG_COM_IRQHandler                  0x080001bb   Thumb Code     0  startup_stm32f10x_md.o(.text)
    TIM1_UP_IRQHandler                       0x080001bb   Thumb Code     0  startup_stm32f10x_md.o(.text)
    TIM3_IRQHandler                          0x080001bb   Thumb Code     0  startup_stm32f10x_md.o(.text)
    TIM4_IRQHandler                          0x080001bb   Thumb Code     0  startup_stm32f10x_md.o(.text)
    USART2_IRQHandler                        0x080001bb   Thumb Code     0  startup_stm32f10x_md.o(.text)
    USART3_IRQHandler                        0x080001bb   Thumb Code     0  startup_stm32f10x_md.o(.text)
    USBWakeUp_IRQHandler                     0x080001bb   Thumb Code     0  startup_stm32f10x_md.o(.text)
    USB_HP_CAN1_TX_IRQHandler                0x080001bb   Thumb Code     0  startup_stm32f10x_md.o(.text)
    WWDG_IRQHandler                          0x080001bb   Thumb Code     0  startup_stm32f10x_md.o(.text)
    __user_initial_stackheap                 0x080001bd   Thumb Code     0  startup_stm32f10x_md.o(.text)
    __2printf                                0x080001e1   Thumb Code    20  noretval__2printf.o(.text)
    __printf                                 0x080001f9   Thumb Code   104  __printf.o(.text)
    _printf_int_dec                          0x08000261   Thumb Code   104  _printf_dec.o(.text)
    __use_two_region_memory                  0x080002d9   Thumb Code     2  heapauxi.o(.text)
    __rt_heap_escrow                         0x080002db   Thumb Code     2  heapauxi.o(.text)
    __rt_heap_expand                         0x080002dd   Thumb Code     2  heapauxi.o(.text)
    _printf_int_common                       0x080002df   Thumb Code   178  _printf_intcommon.o(.text)
    _printf_char_file                        0x08000391   Thumb Code    32  _printf_char_file.o(.text)
    __aeabi_memclr4                          0x080003b5   Thumb Code     0  rt_memclr_w.o(.text)
    __aeabi_memclr8                          0x080003b5   Thumb Code     0  rt_memclr_w.o(.text)
    __rt_memclr_w                            0x080003b5   Thumb Code    78  rt_memclr_w.o(.text)
    _memset_w                                0x080003b9   Thumb Code     0  rt_memclr_w.o(.text)
    _printf_char_common                      0x0800040f   Thumb Code    32  _printf_char_common.o(.text)
    ferror                                   0x08000435   Thumb Code     8  ferror.o(.text)
    _initio                                  0x0800043d   Thumb Code   210  initio.o(.text)
    _terminateio                             0x0800050f   Thumb Code    56  initio.o(.text)
    _sys_open                                0x08000575   Thumb Code    20  sys_io.o(.text)
    _sys_close                               0x08000589   Thumb Code    12  sys_io.o(.text)
    _sys_write                               0x08000595   Thumb Code    16  sys_io.o(.text)
    _sys_read                                0x080005a5   Thumb Code    14  sys_io.o(.text)
    _sys_istty                               0x080005b3   Thumb Code    12  sys_io.o(.text)
    _sys_seek                                0x080005bf   Thumb Code    14  sys_io.o(.text)
    _sys_ensure                              0x080005cd   Thumb Code     2  sys_io.o(.text)
    _sys_flen                                0x080005cf   Thumb Code    12  sys_io.o(.text)
    __user_setup_stackheap                   0x080005db   Thumb Code    74  sys_stackheap_outer.o(.text)
    free                                     0x08000625   Thumb Code    78  h1_free.o(.text)
    __flsbuf                                 0x08000673   Thumb Code   470  flsbuf.o(.text)
    __flsbuf_byte                            0x08000673   Thumb Code     0  flsbuf.o(.text)
    __flsbuf_wide                            0x08000673   Thumb Code     0  flsbuf.o(.text)
    setvbuf                                  0x08000849   Thumb Code    70  setvbuf.o(.text)
    freopen                                  0x08000891   Thumb Code   158  fopen.o(.text)
    fopen                                    0x0800092f   Thumb Code    74  fopen.o(.text)
    _fclose_internal                         0x0800097d   Thumb Code    76  fclose.o(.text)
    fclose                                   0x0800097d   Thumb Code     0  fclose.o(.text)
    exit                                     0x080009c9   Thumb Code    18  exit.o(.text)
    __rt_SIGRTRED                            0x080009db   Thumb Code    14  defsig_rtred_outer.o(.text)
    __user_libspace                          0x080009e9   Thumb Code     8  libspace.o(.text)
    __user_perproc_libspace                  0x080009e9   Thumb Code     0  libspace.o(.text)
    __user_perthread_libspace                0x080009e9   Thumb Code     0  libspace.o(.text)
    __I$use$semihosting                      0x080009f1   Thumb Code     0  use_no_semi.o(.text)
    __use_no_semihosting_swi                 0x080009f1   Thumb Code     2  use_no_semi.o(.text)
    __semihosting_library_function           0x080009f3   Thumb Code     0  indicate_semi.o(.text)
    __rt_heap_descriptor                     0x080009f5   Thumb Code     8  rt_heap_descriptor_intlibspace.o(.text)
    __use_no_heap                            0x080009fd   Thumb Code     2  hguard.o(.text)
    __heap$guard                             0x080009ff   Thumb Code     2  hguard.o(.text)
    _terminate_user_alloc                    0x08000a01   Thumb Code     2  init_alloc.o(.text)
    _init_user_alloc                         0x08000a03   Thumb Code     2  init_alloc.o(.text)
    __Heap_Full                              0x08000a05   Thumb Code    34  init_alloc.o(.text)
    __Heap_Broken                            0x08000a27   Thumb Code     6  init_alloc.o(.text)
    _init_alloc                              0x08000a2d   Thumb Code    94  init_alloc.o(.text)
    malloc                                   0x08000a8b   Thumb Code    94  h1_alloc.o(.text)
    _fseek                                   0x08000ae9   Thumb Code   242  fseek.o(.text)
    fseek                                    0x08000ae9   Thumb Code     0  fseek.o(.text)
    _seterr                                  0x08000be1   Thumb Code    20  stdio.o(.text)
    _writebuf                                0x08000bf5   Thumb Code    84  stdio.o(.text)
    _fflush                                  0x08000c49   Thumb Code    70  stdio.o(.text)
    _deferredlazyseek                        0x08000c8f   Thumb Code    60  stdio.o(.text)
    __sig_exit                               0x08000cd1   Thumb Code    10  defsig_exit.o(.text)
    __rt_SIGRTRED_inner                      0x08000cdd   Thumb Code    14  defsig_rtred_inner.o(.text)
    strlen                                   0x08000d11   Thumb Code    62  strlen.o(.text)
    _sys_exit                                0x08000d51   Thumb Code     8  sys_exit.o(.text)
    __Heap_Initialize                        0x08000d5d   Thumb Code    10  h1_init.o(.text)
    __Heap_DescSize                          0x08000d67   Thumb Code     4  h1_init.o(.text)
    __Heap_ProvideMemory                     0x08000d6b   Thumb Code    52  h1_extend.o(.text)
    _ftell_internal                          0x08000d9f   Thumb Code    66  ftell.o(.text)
    ftell                                    0x08000d9f   Thumb Code     0  ftell.o(.text)
    __default_signal_display                 0x08000de1   Thumb Code    50  defsig_general.o(.text)
    __rt_SIGRTMEM                            0x08000e13   Thumb Code    14  defsig_rtmem_outer.o(.text)
    _ttywrch                                 0x08000e21   Thumb Code    14  sys_wrch.o(.text)
    __aeabi_errno_addr                       0x08000e31   Thumb Code     8  rt_errno_addr_intlibspace.o(.text)
    __errno$intlibspace                      0x08000e31   Thumb Code     0  rt_errno_addr_intlibspace.o(.text)
    __rt_errno_addr$intlibspace              0x08000e31   Thumb Code     0  rt_errno_addr_intlibspace.o(.text)
    __rt_SIGRTMEM_inner                      0x08000e39   Thumb Code    22  defsig_rtmem_inner.o(.text)
    ADS8698_ConfigReg                        0x08000efd   Thumb Code    40  ads8698.o(i.ADS8698_ConfigReg)
    ADS8698_GPIO_Init                        0x08000f25   Thumb Code   128  ads8698.o(i.ADS8698_GPIO_Init)
    ADS8698_Init                             0x08000fad   Thumb Code    64  ads8698.o(i.ADS8698_Init)
    ADS8698_RadeData                         0x08000ff5   Thumb Code   186  ads8698.o(i.ADS8698_RadeData)
    CAN1_SCE_IRQHandler                      0x08001141   Thumb Code    42  can.o(i.CAN1_SCE_IRQHandler)
    CAN_ClearITPendingBit                    0x0800117d   Thumb Code   162  stm32f10x_can.o(i.CAN_ClearITPendingBit)
    CAN_Config                               0x08001225   Thumb Code   350  can.o(i.CAN_Config)
    CAN_FilterInit                           0x08001391   Thumb Code   258  stm32f10x_can.o(i.CAN_FilterInit)
    CAN_ITConfig                             0x08001499   Thumb Code    18  stm32f10x_can.o(i.CAN_ITConfig)
    CAN_Init                                 0x080014ab   Thumb Code   276  stm32f10x_can.o(i.CAN_Init)
    CAN_Receive                              0x080015bf   Thumb Code   240  stm32f10x_can.o(i.CAN_Receive)
    Data_MaxmumValue                         0x080016b1   Thumb Code   210  ads8698.o(i.Data_MaxmumValue)
    Delay_Us                                 0x080017bd   Thumb Code    72  rcc.o(i.Delay_Us)
    GPIO_Config                              0x08001809   Thumb Code    80  gpio.o(i.GPIO_Config)
    GPIO_Init                                0x08001861   Thumb Code   278  stm32f10x_gpio.o(i.GPIO_Init)
    GPIO_ReadInputDataBit                    0x08001977   Thumb Code    18  stm32f10x_gpio.o(i.GPIO_ReadInputDataBit)
    GPIO_ResetBits                           0x08001989   Thumb Code     4  stm32f10x_gpio.o(i.GPIO_ResetBits)
    GPIO_SetBits                             0x0800198d   Thumb Code     4  stm32f10x_gpio.o(i.GPIO_SetBits)
    Hal_Init                                 0x08001991   Thumb Code    36  hal.o(i.Hal_Init)
    NVIC_Init                                0x080019b5   Thumb Code   100  misc.o(i.NVIC_Init)
    NVIC_PriorityGroupConfig                 0x08001a25   Thumb Code    10  misc.o(i.NVIC_PriorityGroupConfig)
    RCC_APB1PeriphClockCmd                   0x08001a39   Thumb Code    26  stm32f10x_rcc.o(i.RCC_APB1PeriphClockCmd)
    RCC_APB1PeriphResetCmd                   0x08001a59   Thumb Code    26  stm32f10x_rcc.o(i.RCC_APB1PeriphResetCmd)
    RCC_APB2PeriphClockCmd                   0x08001a79   Thumb Code    26  stm32f10x_rcc.o(i.RCC_APB2PeriphClockCmd)
    RCC_APB2PeriphResetCmd                   0x08001a99   Thumb Code    26  stm32f10x_rcc.o(i.RCC_APB2PeriphResetCmd)
    RCC_Config                               0x08001ab9   Thumb Code   144  rcc.o(i.RCC_Config)
    RCC_DeInit                               0x08001b5d   Thumb Code    64  stm32f10x_rcc.o(i.RCC_DeInit)
    RCC_GetClocksFreq                        0x08001ba9   Thumb Code   192  stm32f10x_rcc.o(i.RCC_GetClocksFreq)
    RCC_GetFlagStatus                        0x08001c7d   Thumb Code    56  stm32f10x_rcc.o(i.RCC_GetFlagStatus)
    RCC_GetSYSCLKSource                      0x08001cb9   Thumb Code    10  stm32f10x_rcc.o(i.RCC_GetSYSCLKSource)
    RCC_HCLKConfig                           0x08001cc9   Thumb Code    18  stm32f10x_rcc.o(i.RCC_HCLKConfig)
    RCC_HSEConfig                            0x08001ce1   Thumb Code    70  stm32f10x_rcc.o(i.RCC_HSEConfig)
    RCC_PCLK1Config                          0x08001d2d   Thumb Code    18  stm32f10x_rcc.o(i.RCC_PCLK1Config)
    RCC_PCLK2Config                          0x08001d45   Thumb Code    20  stm32f10x_rcc.o(i.RCC_PCLK2Config)
    RCC_PLLCmd                               0x08001d5d   Thumb Code     6  stm32f10x_rcc.o(i.RCC_PLLCmd)
    RCC_PLLConfig                            0x08001d69   Thumb Code    24  stm32f10x_rcc.o(i.RCC_PLLConfig)
    RCC_SYSCLKConfig                         0x08001d85   Thumb Code    18  stm32f10x_rcc.o(i.RCC_SYSCLKConfig)
    RCC_WaitForHSEStartUp                    0x08001d9d   Thumb Code    56  stm32f10x_rcc.o(i.RCC_WaitForHSEStartUp)
    RTC_ClearITPendingBit                    0x08001dd5   Thumb Code    12  stm32f10x_rtc.o(i.RTC_ClearITPendingBit)
    RTC_GetITStatus                          0x08001de5   Thumb Code    32  stm32f10x_rtc.o(i.RTC_GetITStatus)
    RTC_IRQHandler                           0x08001e09   Thumb Code    34  rtc.o(i.RTC_IRQHandler)
    RTC_WaitForLastTask                      0x08001e2d   Thumb Code    16  stm32f10x_rtc.o(i.RTC_WaitForLastTask)
    Read_Sensorstatus                        0x08001e41   Thumb Code    56  gpio.o(i.Read_Sensorstatus)
    SPI1_Config                              0x08001e85   Thumb Code   136  spi.o(i.SPI1_Config)
    SPI1_ReadWriteByte                       0x08001f15   Thumb Code    78  spi.o(i.SPI1_ReadWriteByte)
    SPI2_Config                              0x08001f69   Thumb Code   140  spi.o(i.SPI2_Config)
    SPI2_ReadWriteByte                       0x08001ffd   Thumb Code    78  spi.o(i.SPI2_ReadWriteByte)
    SPI_Cmd                                  0x08002051   Thumb Code    24  stm32f10x_spi.o(i.SPI_Cmd)
    SPI_I2S_GetFlagStatus                    0x08002069   Thumb Code    18  stm32f10x_spi.o(i.SPI_I2S_GetFlagStatus)
    SPI_I2S_ReceiveData                      0x0800207b   Thumb Code     6  stm32f10x_spi.o(i.SPI_I2S_ReceiveData)
    SPI_I2S_SendData                         0x08002081   Thumb Code     4  stm32f10x_spi.o(i.SPI_I2S_SendData)
    SPI_Init                                 0x08002085   Thumb Code    60  stm32f10x_spi.o(i.SPI_Init)
    SysTick_CLKSourceConfig                  0x080021a9   Thumb Code    40  misc.o(i.SysTick_CLKSourceConfig)
    SystemInit                               0x080021d1   Thumb Code    78  system_stm32f10x.o(i.SystemInit)
    TIM2_Config                              0x08002231   Thumb Code   100  tim.o(i.TIM2_Config)
    TIM2_IRQHandler                          0x08002295   Thumb Code    38  tim.o(i.TIM2_IRQHandler)
    TIM_ClearITPendingBit                    0x080022c1   Thumb Code     6  stm32f10x_tim.o(i.TIM_ClearITPendingBit)
    TIM_Cmd                                  0x080022c7   Thumb Code    24  stm32f10x_tim.o(i.TIM_Cmd)
    TIM_GetITStatus                          0x080022df   Thumb Code    34  stm32f10x_tim.o(i.TIM_GetITStatus)
    TIM_ITConfig                             0x08002301   Thumb Code    18  stm32f10x_tim.o(i.TIM_ITConfig)
    TIM_TimeBaseInit                         0x08002315   Thumb Code   122  stm32f10x_tim.o(i.TIM_TimeBaseInit)
    USART1_IRQHandler                        0x080023b9   Thumb Code    80  usart.o(i.USART1_IRQHandler)
    USART_ClearFlag                          0x08002419   Thumb Code    18  stm32f10x_usart.o(i.USART_ClearFlag)
    USART_ClearITPendingBit                  0x0800242b   Thumb Code    30  stm32f10x_usart.o(i.USART_ClearITPendingBit)
    USART_Cmd                                0x08002449   Thumb Code    24  stm32f10x_usart.o(i.USART_Cmd)
    USART_Config                             0x08002461   Thumb Code   196  usart.o(i.USART_Config)
    USART_DeInit                             0x0800252d   Thumb Code   134  stm32f10x_usart.o(i.USART_DeInit)
    USART_GetITStatus                        0x080025c9   Thumb Code    84  stm32f10x_usart.o(i.USART_GetITStatus)
    USART_ITConfig                           0x0800261d   Thumb Code    74  stm32f10x_usart.o(i.USART_ITConfig)
    USART_Init                               0x08002669   Thumb Code   210  stm32f10x_usart.o(i.USART_Init)
    USART_ReceiveData                        0x08002741   Thumb Code    10  stm32f10x_usart.o(i.USART_ReceiveData)
    USB_LP_CAN1_RX0_IRQHandler               0x0800274d   Thumb Code    28  can.o(i.USB_LP_CAN1_RX0_IRQHandler)
    fputc                                    0x08002775   Thumb Code    26  fputc.o(i.fputc)
    main                                     0x08002791   Thumb Code    26  main.o(i.main)
    __stdin_name                             0x080027b0   Data           4  sys_io.o(.constdata)
    __stdout_name                            0x080027b4   Data           4  sys_io.o(.constdata)
    __stderr_name                            0x080027b8   Data           4  sys_io.o(.constdata)
    Region$$Table$$Base                      0x080027bc   Number         0  anon$$obj.o(Region$$Table)
    Region$$Table$$Limit                     0x080027dc   Number         0  anon$$obj.o(Region$$Table)
    g_SelfCanId                              0x20000000   Data           1  can.o(.data)
    g_CAN_RX_FLAG                            0x20000001   Data           1  can.o(.data)
    g_CAN_TX_FLAG                            0x20000002   Data           1  can.o(.data)
    g_CAN_ERR_CNT                            0x20000004   Data           4  can.o(.data)
    g_CAN_ERR_MSG                            0x20000008   Data           4  can.o(.data)
    Sensor1_flag                             0x2000000c   Data           1  gpio.o(.data)
    Sensor2_flag                             0x2000000d   Data           1  gpio.o(.data)
    timeout_flag                             0x20000012   Data           1  tim.o(.data)
    RXCounter                                0x20000014   Data           1  usart.o(.data)
    g_usartRxFlag                            0x20000015   Data           1  usart.o(.data)
    Comman_state                             0x20000016   Data           1  usart.o(.data)
    Crc16                                    0x20000018   Data           2  usart.o(.data)
    CrcL                                     0x2000001a   Data           1  usart.o(.data)
    CrcH                                     0x2000001b   Data           1  usart.o(.data)
    Readtimes                                0x2000001c   Data           2  ads8698.o(.data)
    Sum_buff                                 0x20000020   Data           4  ads8698.o(.data)
    cup_number                               0x20000024   Data           1  ads8698.o(.data)
    SystemCoreClock                          0x20000028   Data           4  system_stm32f10x.o(.data)
    AHBPrescTable                            0x2000002c   Data          16  system_stm32f10x.o(.data)
    __aeabi_stdin                            0x20000050   Data           4  stdio_streams.o(.data)
    __aeabi_stdout                           0x20000054   Data           4  stdio_streams.o(.data)
    __aeabi_stderr                           0x20000058   Data           4  stdio_streams.o(.data)
    g_RxMessage                              0x2000005c   Data          20  can.o(.bss)
    RCC_ClockFreq                            0x20000070   Data          20  rcc.o(.bss)
    g_usartTxByte                            0x20000084   Data         200  usart.o(.bss)
    g_usartRxByte                            0x2000014c   Data         200  usart.o(.bss)
    ADS8698_Value                            0x20000214   Data         320  ads8698.o(.bss)
    ADS8698_MaxValue                         0x20000354   Data        5248  ads8698.o(.bss)
    pBuffer                                  0x200017d4   Data          64  ads8698.o(.bss)
    __stdin                                  0x20001814   Data          84  stdio_streams.o(.bss)
    __stdout                                 0x20001868   Data          84  stdio_streams.o(.bss)
    __stderr                                 0x200018bc   Data          84  stdio_streams.o(.bss)
    __libspace_start                         0x20001910   Data          96  libspace.o(.bss)
    __temporary_stack_top$libspace           0x20001970   Data           0  libspace.o(.bss)



==============================================================================

Memory Map of the image

  Image Entry point : 0x080000ed

  Load Region LR_IROM1 (Base: 0x08000000, Size: 0x00002838, Max: 0x00020000, ABSOLUTE)

    Execution Region ER_IROM1 (Base: 0x08000000, Size: 0x000027dc, Max: 0x00020000, ABSOLUTE)

    Base Addr    Size         Type   Attr      Idx    E Section Name        Object

    0x08000000   0x000000ec   Data   RO          736    RESET               startup_stm32f10x_md.o
    0x080000ec   0x00000008   Code   RO         3622  * !!!main             c_w.l(__main.o)
    0x080000f4   0x00000034   Code   RO         3973    !!!scatter          c_w.l(__scatter.o)
    0x08000128   0x0000001a   Code   RO         3975    !!handler_copy      c_w.l(__scatter_copy.o)
    0x08000142   0x00000002   PAD
    0x08000144   0x0000001c   Code   RO         3977    !!handler_zi        c_w.l(__scatter_zi.o)
    0x08000160   0x00000000   Code   RO         3617    .ARM.Collect$$_printf_percent$$00000000  c_w.l(_printf_percent.o)
    0x08000160   0x00000006   Code   RO         3616    .ARM.Collect$$_printf_percent$$00000009  c_w.l(_printf_d.o)
    0x08000166   0x00000004   Code   RO         3629    .ARM.Collect$$_printf_percent$$00000017  c_w.l(_printf_percent_end.o)
    0x0800016a   0x00000002   Code   RO         3760    .ARM.Collect$$libinit$$00000000  c_w.l(libinit.o)
    0x0800016c   0x00000000   Code   RO         3762    .ARM.Collect$$libinit$$00000002  c_w.l(libinit2.o)
    0x0800016c   0x00000000   Code   RO         3764    .ARM.Collect$$libinit$$00000004  c_w.l(libinit2.o)
    0x0800016c   0x00000008   Code   RO         3765    .ARM.Collect$$libinit$$00000005  c_w.l(libinit2.o)
    0x08000174   0x00000000   Code   RO         3767    .ARM.Collect$$libinit$$0000000A  c_w.l(libinit2.o)
    0x08000174   0x00000000   Code   RO         3769    .ARM.Collect$$libinit$$0000000C  c_w.l(libinit2.o)
    0x08000174   0x00000000   Code   RO         3771    .ARM.Collect$$libinit$$0000000E  c_w.l(libinit2.o)
    0x08000174   0x00000000   Code   RO         3774    .ARM.Collect$$libinit$$00000011  c_w.l(libinit2.o)
    0x08000174   0x00000000   Code   RO         3776    .ARM.Collect$$libinit$$00000013  c_w.l(libinit2.o)
    0x08000174   0x00000000   Code   RO         3778    .ARM.Collect$$libinit$$00000015  c_w.l(libinit2.o)
    0x08000174   0x00000000   Code   RO         3780    .ARM.Collect$$libinit$$00000017  c_w.l(libinit2.o)
    0x08000174   0x00000000   Code   RO         3782    .ARM.Collect$$libinit$$00000019  c_w.l(libinit2.o)
    0x08000174   0x00000000   Code   RO         3784    .ARM.Collect$$libinit$$0000001B  c_w.l(libinit2.o)
    0x08000174   0x00000000   Code   RO         3786    .ARM.Collect$$libinit$$0000001D  c_w.l(libinit2.o)
    0x08000174   0x00000000   Code   RO         3788    .ARM.Collect$$libinit$$0000001F  c_w.l(libinit2.o)
    0x08000174   0x00000000   Code   RO         3790    .ARM.Collect$$libinit$$00000021  c_w.l(libinit2.o)
    0x08000174   0x00000000   Code   RO         3792    .ARM.Collect$$libinit$$00000023  c_w.l(libinit2.o)
    0x08000174   0x00000004   Code   RO         3793    .ARM.Collect$$libinit$$00000024  c_w.l(libinit2.o)
    0x08000178   0x00000000   Code   RO         3794    .ARM.Collect$$libinit$$00000025  c_w.l(libinit2.o)
    0x08000178   0x00000000   Code   RO         3798    .ARM.Collect$$libinit$$0000002C  c_w.l(libinit2.o)
    0x08000178   0x00000000   Code   RO         3800    .ARM.Collect$$libinit$$0000002E  c_w.l(libinit2.o)
    0x08000178   0x00000000   Code   RO         3802    .ARM.Collect$$libinit$$00000030  c_w.l(libinit2.o)
    0x08000178   0x00000000   Code   RO         3804    .ARM.Collect$$libinit$$00000032  c_w.l(libinit2.o)
    0x08000178   0x00000002   Code   RO         3805    .ARM.Collect$$libinit$$00000033  c_w.l(libinit2.o)
    0x0800017a   0x00000002   Code   RO         3952    .ARM.Collect$$libshutdown$$00000000  c_w.l(libshutdown.o)
    0x0800017c   0x00000000   Code   RO         3807    .ARM.Collect$$libshutdown$$00000002  c_w.l(libshutdown2.o)
    0x0800017c   0x00000004   Code   RO         3808    .ARM.Collect$$libshutdown$$00000003  c_w.l(libshutdown2.o)
    0x08000180   0x00000000   Code   RO         3809    .ARM.Collect$$libshutdown$$00000004  c_w.l(libshutdown2.o)
    0x08000180   0x00000000   Code   RO         3812    .ARM.Collect$$libshutdown$$00000007  c_w.l(libshutdown2.o)
    0x08000180   0x00000000   Code   RO         3815    .ARM.Collect$$libshutdown$$0000000A  c_w.l(libshutdown2.o)
    0x08000180   0x00000000   Code   RO         3817    .ARM.Collect$$libshutdown$$0000000C  c_w.l(libshutdown2.o)
    0x08000180   0x00000000   Code   RO         3820    .ARM.Collect$$libshutdown$$0000000F  c_w.l(libshutdown2.o)
    0x08000180   0x00000002   Code   RO         3821    .ARM.Collect$$libshutdown$$00000010  c_w.l(libshutdown2.o)
    0x08000182   0x00000000   Code   RO         3624    .ARM.Collect$$rtentry$$00000000  c_w.l(__rtentry.o)
    0x08000182   0x00000000   Code   RO         3639    .ARM.Collect$$rtentry$$00000002  c_w.l(__rtentry2.o)
    0x08000182   0x00000006   Code   RO         3651    .ARM.Collect$$rtentry$$00000004  c_w.l(__rtentry4.o)
    0x08000188   0x00000000   Code   RO         3641    .ARM.Collect$$rtentry$$00000009  c_w.l(__rtentry2.o)
    0x08000188   0x00000004   Code   RO         3642    .ARM.Collect$$rtentry$$0000000A  c_w.l(__rtentry2.o)
    0x0800018c   0x00000000   Code   RO         3644    .ARM.Collect$$rtentry$$0000000C  c_w.l(__rtentry2.o)
    0x0800018c   0x00000008   Code   RO         3645    .ARM.Collect$$rtentry$$0000000D  c_w.l(__rtentry2.o)
    0x08000194   0x00000002   Code   RO         3830    .ARM.Collect$$rtexit$$00000000  c_w.l(rtexit.o)
    0x08000196   0x00000000   Code   RO         3888    .ARM.Collect$$rtexit$$00000002  c_w.l(rtexit2.o)
    0x08000196   0x00000004   Code   RO         3889    .ARM.Collect$$rtexit$$00000003  c_w.l(rtexit2.o)
    0x0800019a   0x00000006   Code   RO         3890    .ARM.Collect$$rtexit$$00000004  c_w.l(rtexit2.o)
    0x080001a0   0x00000000   Code   RO         3894    .emb_text           c_w.l(maybetermalloc1.o)
    0x080001a0   0x00000040   Code   RO          737    .text               startup_stm32f10x_md.o
    0x080001e0   0x00000018   Code   RO         3590    .text               c_w.l(noretval__2printf.o)
    0x080001f8   0x00000068   Code   RO         3592    .text               c_w.l(__printf.o)
    0x08000260   0x00000078   Code   RO         3594    .text               c_w.l(_printf_dec.o)
    0x080002d8   0x00000006   Code   RO         3620    .text               c_w.l(heapauxi.o)
    0x080002de   0x000000b2   Code   RO         3625    .text               c_w.l(_printf_intcommon.o)
    0x08000390   0x00000024   Code   RO         3627    .text               c_w.l(_printf_char_file.o)
    0x080003b4   0x0000004e   Code   RO         3636    .text               c_w.l(rt_memclr_w.o)
    0x08000402   0x00000002   PAD
    0x08000404   0x00000030   Code   RO         3653    .text               c_w.l(_printf_char_common.o)
    0x08000434   0x00000008   Code   RO         3655    .text               c_w.l(ferror.o)
    0x0800043c   0x00000138   Code   RO         3661    .text               c_w.l(initio.o)
    0x08000574   0x00000066   Code   RO         3669    .text               c_w.l(sys_io.o)
    0x080005da   0x0000004a   Code   RO         3676    .text               c_w.l(sys_stackheap_outer.o)
    0x08000624   0x0000004e   Code   RO         3680    .text               c_w.l(h1_free.o)
    0x08000672   0x000001d6   Code   RO         3736    .text               c_w.l(flsbuf.o)
    0x08000848   0x00000046   Code   RO         3738    .text               c_w.l(setvbuf.o)
    0x0800088e   0x00000002   PAD
    0x08000890   0x000000ec   Code   RO         3741    .text               c_w.l(fopen.o)
    0x0800097c   0x0000004c   Code   RO         3743    .text               c_w.l(fclose.o)
    0x080009c8   0x00000012   Code   RO         3749    .text               c_w.l(exit.o)
    0x080009da   0x0000000e   Code   RO         3751    .text               c_w.l(defsig_rtred_outer.o)
    0x080009e8   0x00000008   Code   RO         3824    .text               c_w.l(libspace.o)
    0x080009f0   0x00000002   Code   RO         3827    .text               c_w.l(use_no_semi.o)
    0x080009f2   0x00000000   Code   RO         3829    .text               c_w.l(indicate_semi.o)
    0x080009f2   0x00000002   PAD
    0x080009f4   0x00000008   Code   RO         3837    .text               c_w.l(rt_heap_descriptor_intlibspace.o)
    0x080009fc   0x00000004   Code   RO         3839    .text               c_w.l(hguard.o)
    0x08000a00   0x0000008a   Code   RO         3841    .text               c_w.l(init_alloc.o)
    0x08000a8a   0x0000005e   Code   RO         3847    .text               c_w.l(h1_alloc.o)
    0x08000ae8   0x000000f8   Code   RO         3863    .text               c_w.l(fseek.o)
    0x08000be0   0x000000f0   Code   RO         3865    .text               c_w.l(stdio.o)
    0x08000cd0   0x0000000a   Code   RO         3871    .text               c_w.l(defsig_exit.o)
    0x08000cda   0x00000002   PAD
    0x08000cdc   0x00000034   Code   RO         3873    .text               c_w.l(defsig_rtred_inner.o)
    0x08000d10   0x0000003e   Code   RO         3877    .text               c_w.l(strlen.o)
    0x08000d4e   0x00000002   PAD
    0x08000d50   0x0000000c   Code   RO         3885    .text               c_w.l(sys_exit.o)
    0x08000d5c   0x0000000e   Code   RO         3896    .text               c_w.l(h1_init.o)
    0x08000d6a   0x00000034   Code   RO         3898    .text               c_w.l(h1_extend.o)
    0x08000d9e   0x00000042   Code   RO         3908    .text               c_w.l(ftell.o)
    0x08000de0   0x00000032   Code   RO         3916    .text               c_w.l(defsig_general.o)
    0x08000e12   0x0000000e   Code   RO         3918    .text               c_w.l(defsig_rtmem_outer.o)
    0x08000e20   0x0000000e   Code   RO         3933    .text               c_w.l(sys_wrch.o)
    0x08000e2e   0x00000002   PAD
    0x08000e30   0x00000008   Code   RO         3940    .text               c_w.l(rt_errno_addr_intlibspace.o)
    0x08000e38   0x00000050   Code   RO         3946    .text               c_w.l(defsig_rtmem_inner.o)
    0x08000e88   0x00000074   Code   RO          671    i.ADS8694_SendCmd   ads8698.o
    0x08000efc   0x00000028   Code   RO          672    i.ADS8698_ConfigReg  ads8698.o
    0x08000f24   0x00000088   Code   RO          673    i.ADS8698_GPIO_Init  ads8698.o
    0x08000fac   0x00000048   Code   RO          674    i.ADS8698_Init      ads8698.o
    0x08000ff4   0x000000c8   Code   RO          675    i.ADS8698_RadeData  ads8698.o
    0x080010bc   0x00000084   Code   RO          676    i.ADS8698_WriteReg  ads8698.o
    0x08001140   0x0000003c   Code   RO          126    i.CAN1_SCE_IRQHandler  can.o
    0x0800117c   0x000000a8   Code   RO         1164    i.CAN_ClearITPendingBit  stm32f10x_can.o
    0x08001224   0x0000016c   Code   RO          127    i.CAN_Config        can.o
    0x08001390   0x00000108   Code   RO         1168    i.CAN_FilterInit    stm32f10x_can.o
    0x08001498   0x00000012   Code   RO         1174    i.CAN_ITConfig      stm32f10x_can.o
    0x080014aa   0x00000114   Code   RO         1175    i.CAN_Init          stm32f10x_can.o
    0x080015be   0x000000f0   Code   RO         1178    i.CAN_Receive       stm32f10x_can.o
    0x080016ae   0x00000002   PAD
    0x080016b0   0x0000010c   Code   RO          677    i.Data_MaxmumValue  ads8698.o
    0x080017bc   0x0000004c   Code   RO          383    i.Delay_Us          rcc.o
    0x08001808   0x00000058   Code   RO          182    i.GPIO_Config       gpio.o
    0x08001860   0x00000116   Code   RO         1839    i.GPIO_Init         stm32f10x_gpio.o
    0x08001976   0x00000012   Code   RO         1843    i.GPIO_ReadInputDataBit  stm32f10x_gpio.o
    0x08001988   0x00000004   Code   RO         1846    i.GPIO_ResetBits    stm32f10x_gpio.o
    0x0800198c   0x00000004   Code   RO         1847    i.GPIO_SetBits      stm32f10x_gpio.o
    0x08001990   0x00000024   Code   RO          228    i.Hal_Init          hal.o
    0x080019b4   0x00000070   Code   RO          790    i.NVIC_Init         misc.o
    0x08001a24   0x00000014   Code   RO          791    i.NVIC_PriorityGroupConfig  misc.o
    0x08001a38   0x00000020   Code   RO         2303    i.RCC_APB1PeriphClockCmd  stm32f10x_rcc.o
    0x08001a58   0x00000020   Code   RO         2304    i.RCC_APB1PeriphResetCmd  stm32f10x_rcc.o
    0x08001a78   0x00000020   Code   RO         2305    i.RCC_APB2PeriphClockCmd  stm32f10x_rcc.o
    0x08001a98   0x00000020   Code   RO         2306    i.RCC_APB2PeriphResetCmd  stm32f10x_rcc.o
    0x08001ab8   0x000000a4   Code   RO          384    i.RCC_Config        rcc.o
    0x08001b5c   0x0000004c   Code   RO         2312    i.RCC_DeInit        stm32f10x_rcc.o
    0x08001ba8   0x000000d4   Code   RO         2313    i.RCC_GetClocksFreq  stm32f10x_rcc.o
    0x08001c7c   0x0000003c   Code   RO         2314    i.RCC_GetFlagStatus  stm32f10x_rcc.o
    0x08001cb8   0x00000010   Code   RO         2316    i.RCC_GetSYSCLKSource  stm32f10x_rcc.o
    0x08001cc8   0x00000018   Code   RO         2317    i.RCC_HCLKConfig    stm32f10x_rcc.o
    0x08001ce0   0x0000004c   Code   RO         2318    i.RCC_HSEConfig     stm32f10x_rcc.o
    0x08001d2c   0x00000018   Code   RO         2324    i.RCC_PCLK1Config   stm32f10x_rcc.o
    0x08001d44   0x00000018   Code   RO         2325    i.RCC_PCLK2Config   stm32f10x_rcc.o
    0x08001d5c   0x0000000c   Code   RO         2326    i.RCC_PLLCmd        stm32f10x_rcc.o
    0x08001d68   0x0000001c   Code   RO         2327    i.RCC_PLLConfig     stm32f10x_rcc.o
    0x08001d84   0x00000018   Code   RO         2330    i.RCC_SYSCLKConfig  stm32f10x_rcc.o
    0x08001d9c   0x00000038   Code   RO         2332    i.RCC_WaitForHSEStartUp  stm32f10x_rcc.o
    0x08001dd4   0x00000010   Code   RO         2514    i.RTC_ClearITPendingBit  stm32f10x_rtc.o
    0x08001de4   0x00000024   Code   RO         2520    i.RTC_GetITStatus   stm32f10x_rtc.o
    0x08001e08   0x00000022   Code   RO          426    i.RTC_IRQHandler    rtc.o
    0x08001e2a   0x00000002   PAD
    0x08001e2c   0x00000014   Code   RO         2525    i.RTC_WaitForLastTask  stm32f10x_rtc.o
    0x08001e40   0x00000044   Code   RO          184    i.Read_Sensorstatus  gpio.o
    0x08001e84   0x00000090   Code   RO          463    i.SPI1_Config       spi.o
    0x08001f14   0x00000054   Code   RO          464    i.SPI1_ReadWriteByte  spi.o
    0x08001f68   0x00000094   Code   RO          465    i.SPI2_Config       spi.o
    0x08001ffc   0x00000054   Code   RO          466    i.SPI2_ReadWriteByte  spi.o
    0x08002050   0x00000018   Code   RO         2620    i.SPI_Cmd           stm32f10x_spi.o
    0x08002068   0x00000012   Code   RO         2628    i.SPI_I2S_GetFlagStatus  stm32f10x_spi.o
    0x0800207a   0x00000006   Code   RO         2631    i.SPI_I2S_ReceiveData  stm32f10x_spi.o
    0x08002080   0x00000004   Code   RO         2632    i.SPI_I2S_SendData  stm32f10x_spi.o
    0x08002084   0x0000003c   Code   RO         2633    i.SPI_Init          stm32f10x_spi.o
    0x080020c0   0x00000008   Code   RO          744    i.SetSysClock       system_stm32f10x.o
    0x080020c8   0x000000e0   Code   RO          745    i.SetSysClockTo72   system_stm32f10x.o
    0x080021a8   0x00000028   Code   RO          794    i.SysTick_CLKSourceConfig  misc.o
    0x080021d0   0x00000060   Code   RO          747    i.SystemInit        system_stm32f10x.o
    0x08002230   0x00000064   Code   RO          508    i.TIM2_Config       tim.o
    0x08002294   0x0000002c   Code   RO          509    i.TIM2_IRQHandler   tim.o
    0x080022c0   0x00000006   Code   RO         2782    i.TIM_ClearITPendingBit  stm32f10x_tim.o
    0x080022c6   0x00000018   Code   RO         2787    i.TIM_Cmd           stm32f10x_tim.o
    0x080022de   0x00000022   Code   RO         2808    i.TIM_GetITStatus   stm32f10x_tim.o
    0x08002300   0x00000012   Code   RO         2812    i.TIM_ITConfig      stm32f10x_tim.o
    0x08002312   0x00000002   PAD
    0x08002314   0x000000a4   Code   RO         2858    i.TIM_TimeBaseInit  stm32f10x_tim.o
    0x080023b8   0x00000060   Code   RO          544    i.USART1_IRQHandler  usart.o
    0x08002418   0x00000012   Code   RO         3331    i.USART_ClearFlag   stm32f10x_usart.o
    0x0800242a   0x0000001e   Code   RO         3332    i.USART_ClearITPendingBit  stm32f10x_usart.o
    0x08002448   0x00000018   Code   RO         3335    i.USART_Cmd         stm32f10x_usart.o
    0x08002460   0x000000cc   Code   RO          546    i.USART_Config      usart.o
    0x0800252c   0x0000009c   Code   RO         3337    i.USART_DeInit      stm32f10x_usart.o
    0x080025c8   0x00000054   Code   RO         3339    i.USART_GetITStatus  stm32f10x_usart.o
    0x0800261c   0x0000004a   Code   RO         3341    i.USART_ITConfig    stm32f10x_usart.o
    0x08002666   0x00000002   PAD
    0x08002668   0x000000d8   Code   RO         3342    i.USART_Init        stm32f10x_usart.o
    0x08002740   0x0000000a   Code   RO         3349    i.USART_ReceiveData  stm32f10x_usart.o
    0x0800274a   0x00000002   PAD
    0x0800274c   0x00000028   Code   RO          129    i.USB_LP_CAN1_RX0_IRQHandler  can.o
    0x08002774   0x0000001a   Code   RO         3658    i.fputc             c_w.l(fputc.o)
    0x0800278e   0x00000002   PAD
    0x08002790   0x00000020   Code   RO          616    i.main              main.o
    0x080027b0   0x00000004   Data   RO         3670    .constdata          c_w.l(sys_io.o)
    0x080027b4   0x00000004   Data   RO         3671    .constdata          c_w.l(sys_io.o)
    0x080027b8   0x00000004   Data   RO         3672    .constdata          c_w.l(sys_io.o)
    0x080027bc   0x00000020   Data   RO         3971    Region$$Table       anon$$obj.o


    Execution Region RW_IRAM1 (Base: 0x20000000, Size: 0x00001f70, Max: 0x00005000, ABSOLUTE)

    Base Addr    Size         Type   Attr      Idx    E Section Name        Object

    0x20000000   0x0000000c   Data   RW          131    .data               can.o
    0x2000000c   0x00000002   Data   RW          185    .data               gpio.o
    0x2000000e   0x00000004   Data   RW          386    .data               rcc.o
    0x20000012   0x00000001   Data   RW          510    .data               tim.o
    0x20000013   0x00000001   PAD
    0x20000014   0x00000008   Data   RW          549    .data               usart.o
    0x2000001c   0x00000009   Data   RW          679    .data               ads8698.o
    0x20000025   0x00000003   PAD
    0x20000028   0x00000014   Data   RW          748    .data               system_stm32f10x.o
    0x2000003c   0x00000014   Data   RW         2333    .data               stm32f10x_rcc.o
    0x20000050   0x00000004   Data   RW         3633    .data               c_w.l(stdio_streams.o)
    0x20000054   0x00000004   Data   RW         3634    .data               c_w.l(stdio_streams.o)
    0x20000058   0x00000004   Data   RW         3635    .data               c_w.l(stdio_streams.o)
    0x2000005c   0x00000014   Zero   RW          130    .bss                can.o
    0x20000070   0x00000014   Zero   RW          385    .bss                rcc.o
    0x20000084   0x00000190   Zero   RW          548    .bss                usart.o
    0x20000214   0x00001600   Zero   RW          678    .bss                ads8698.o
    0x20001814   0x00000054   Zero   RW         3630    .bss                c_w.l(stdio_streams.o)
    0x20001868   0x00000054   Zero   RW         3631    .bss                c_w.l(stdio_streams.o)
    0x200018bc   0x00000054   Zero   RW         3632    .bss                c_w.l(stdio_streams.o)
    0x20001910   0x00000060   Zero   RW         3825    .bss                c_w.l(libspace.o)
    0x20001970   0x00000200   Zero   RW          735    HEAP                startup_stm32f10x_md.o
    0x20001b70   0x00000400   Zero   RW          734    STACK               startup_stm32f10x_md.o


==============================================================================

Image component sizes


      Code (inc. data)   RO Data    RW Data    ZI Data      Debug   Object Name

         0          0          0          0          0     267464   adc.o
       964        104          0          9       5632       4787   ads8698.o
       464         44          0         12         20       2082   can.o
       156         20          0          2          0       1186   gpio.o
        36          0          0          0          0        423   hal.o
        32          6          0          0          0        423   main.o
       172         22          0          0          0       2245   misc.o
       240         24          0          4         20       1272   rcc.o
        34          0          0          0          0        433   rtc.o
       460         28          0          0          0       2374   spi.o
        64         26        236          0       1536        816   startup_stm32f10x_md.o
       966         12          0          0          0       4541   stm32f10x_can.o
       304          0          0          0          0       3876   stm32f10x_gpio.o
       760        104          0         20          0      12288   stm32f10x_rcc.o
        72         12          0          0          0       1676   stm32f10x_rtc.o
       112          0          0          0          0       4086   stm32f10x_spi.o
       246         42          0          0          0       3810   stm32f10x_tim.o
       612         28          0          0          0       7161   stm32f10x_usart.o
       328         28          0         20          0       2273   system_stm32f10x.o
       144          6          0          1          0       1211   tim.o
       300         24          0          8        400       2046   usart.o

    ----------------------------------------------------------------------
      6476        530        268         80       7608     326473   Object Totals
         0          0         32          0          0          0   (incl. Generated)
        10          0          0          4          0          0   (incl. Padding)

    ----------------------------------------------------------------------

      Code (inc. data)   RO Data    RW Data    ZI Data      Debug   Library Member Name

         8          0          0          0          0         68   __main.o
       104          0          0          0          0         84   __printf.o
         0          0          0          0          0          0   __rtentry.o
        12          0          0          0          0          0   __rtentry2.o
         6          0          0          0          0          0   __rtentry4.o
        52          8          0          0          0          0   __scatter.o
        26          0          0          0          0          0   __scatter_copy.o
        28          0          0          0          0          0   __scatter_zi.o
        48          6          0          0          0         96   _printf_char_common.o
        36          4          0          0          0         80   _printf_char_file.o
         6          0          0          0          0          0   _printf_d.o
       120         16          0          0          0         92   _printf_dec.o
       178          0          0          0          0         88   _printf_intcommon.o
         0          0          0          0          0          0   _printf_percent.o
         4          0          0          0          0          0   _printf_percent_end.o
        10          0          0          0          0         68   defsig_exit.o
        50          0          0          0          0         88   defsig_general.o
        80         58          0          0          0         76   defsig_rtmem_inner.o
        14          0          0          0          0         80   defsig_rtmem_outer.o
        52         38          0          0          0         76   defsig_rtred_inner.o
        14          0          0          0          0         80   defsig_rtred_outer.o
        18          0          0          0          0         80   exit.o
        76          0          0          0          0         88   fclose.o
         8          0          0          0          0         68   ferror.o
       470          0          0          0          0         88   flsbuf.o
       236          4          0          0          0        128   fopen.o
        26          0          0          0          0         68   fputc.o
       248          6          0          0          0         84   fseek.o
        66          0          0          0          0         76   ftell.o
        94          0          0          0          0         80   h1_alloc.o
        52          0          0          0          0         68   h1_extend.o
        78          0          0          0          0         80   h1_free.o
        14          0          0          0          0         84   h1_init.o
         6          0          0          0          0        152   heapauxi.o
         4          0          0          0          0        136   hguard.o
         0          0          0          0          0          0   indicate_semi.o
       138          0          0          0          0        168   init_alloc.o
       312         46          0          0          0        112   initio.o
         2          0          0          0          0          0   libinit.o
        14          0          0          0          0          0   libinit2.o
         2          0          0          0          0          0   libshutdown.o
         6          0          0          0          0          0   libshutdown2.o
         8          4          0          0         96         68   libspace.o
         0          0          0          0          0          0   maybetermalloc1.o
        24          4          0          0          0         84   noretval__2printf.o
         8          4          0          0          0         68   rt_errno_addr_intlibspace.o
         8          4          0          0          0         68   rt_heap_descriptor_intlibspace.o
        78          0          0          0          0         80   rt_memclr_w.o
         2          0          0          0          0          0   rtexit.o
        10          0          0          0          0          0   rtexit2.o
        70          0          0          0          0         80   setvbuf.o
       240          6          0          0          0        156   stdio.o
         0          0          0         12        252          0   stdio_streams.o
        62          0          0          0          0         76   strlen.o
        12          4          0          0          0         68   sys_exit.o
       102          0         12          0          0        240   sys_io.o
        74          0          0          0          0         80   sys_stackheap_outer.o
        14          0          0          0          0         76   sys_wrch.o
         2          0          0          0          0         68   use_no_semi.o

    ----------------------------------------------------------------------
      3448        212         12         12        348       3748   Library Totals
        16          0          0          0          0          0   (incl. Padding)

    ----------------------------------------------------------------------

      Code (inc. data)   RO Data    RW Data    ZI Data      Debug   Library Name

      3432        212         12         12        348       3748   c_w.l

    ----------------------------------------------------------------------
      3448        212         12         12        348       3748   Library Totals

    ----------------------------------------------------------------------

==============================================================================


      Code (inc. data)   RO Data    RW Data    ZI Data      Debug   

      9924        742        280         92       7956     324445   Grand Totals
      9924        742        280         92       7956     324445   ELF Image Totals
      9924        742        280         92          0          0   ROM Totals

==============================================================================

    Total RO  Size (Code + RO Data)                10204 (   9.96kB)
    Total RW  Size (RW Data + ZI Data)              8048 (   7.86kB)
    Total ROM Size (Code + RO Data + RW Data)      10296 (  10.05kB)

==============================================================================

